stm32l4xx_it.c:79:6:NMI_Handler	0	static
stm32l4xx_it.c:92:6:HardFault_Handler	0	static
stm32l4xx_it.c:107:6:MemManage_Handler	0	static
stm32l4xx_it.c:122:6:BusFault_Handler	0	static
stm32l4xx_it.c:137:6:UsageFault_Handler	0	static
stm32l4xx_it.c:152:6:DebugMon_Handler	0	static
stm32l4xx_it.c:172:6:EXTI2_IRQHandler	16	static,ignoring_inline_asm
stm32l4xx_it.c:189:6:DMA1_Channel1_IRQHandler	0	static
stm32l4xx_it.c:203:6:DMA1_Channel3_IRQHandler	0	static
stm32l4xx_it.c:217:6:TIM1_UP_TIM16_IRQHandler	8	static
stm32l4xx_it.c:232:6:USART3_IRQHandler	0	static
stm32l4xx_it.c:246:6:EXTI15_10_IRQHandler	16	static,ignoring_inline_asm
stm32l4xx_it.c:264:6:DMA2_Channel4_IRQHandler	0	static
