gthr-default.h:229:1:int __gthread_key_delete(__gthread_key_t)	16	static
Data_form_HB.cpp:11:1:mainboard_form_hb::mainboard_form_hb()	32	static
Data_form_HB.cpp:19:6:void mainboard_form_hb::update()	32	static
array:126:7:constexpr std::array<_Tp, _Nm>::value_type* std::array<_Tp, _Nm>::begin() [with _Tp = short int; unsigned int _Nm = 3]	16	static
array:134:7:constexpr std::array<_Tp, _Nm>::value_type* std::array<_Tp, _Nm>::end() [with _Tp = short int; unsigned int _Nm = 3]	16	static
stl_algobase.h:742:5:void std::fill(_ForwardIterator, _ForwardIterator, const _Tp&) [with _ForwardIterator = short int*; _Tp = int]	32	static
array:185:7:constexpr std::array<_Tp, _Nm>::value_type& std::array<_Tp, _Nm>::operator[](std::array<_Tp, _Nm>::size_type) [with _Tp = short int; unsigned int _Nm = 3]	16	static
array:234:7:constexpr std::array<_Tp, _Nm>::value_type* std::array<_Tp, _Nm>::data() [with _Tp = short int; unsigned int _Nm = 3]	16	static
stl_algobase.h:280:5:_Iterator std::__niter_base(_Iterator) [with _Iterator = short int*]	16	static
stl_algobase.h:709:5:typename __gnu_cxx::__enable_if<std::__is_scalar<_Tp>::__value, void>::__type std::__fill_a(_ForwardIterator, _ForwardIterator, const _Tp&) [with _ForwardIterator = short int*; _Tp = int]	32	static
array:55:7:static constexpr _Tp& std::__array_traits<_Tp, _Nm>::_S_ref(const _Tp (&)[_Nm], std::size_t) [with _Tp = short int; unsigned int _Nm = 3]	16	static
array:59:7:static constexpr _Tp* std::__array_traits<_Tp, _Nm>::_S_ptr(const _Tp (&)[_Nm]) [with _Tp = short int; unsigned int _Nm = 3]	16	static
