cmath:144:3:constexpr float std::atan2(float, float)	16	static
cmath:463:3:constexpr float std::sqrt(float)	16	static
MPU6050.c:28:6:void MPU6050_SetDlpf(uint8_t)	40	static
MPU6050.c:40:6:void MPU6050_DeviceReset(uint8_t)	40	static
MPU6050.c:49:6:void MPU6050_SetSleepEnabled(uint8_t)	40	static
MPU6050.c:58:6:void MPU6050_SetCycleEnabled(uint8_t)	40	static
MPU6050.c:67:6:void MPU6050_SetTemperatureSensorDisbled(uint8_t)	40	static
MPU6050.c:76:6:void MPU6050_SetClockSource(uint8_t)	40	static
MPU6050.c:88:6:void MPU6050_SetLowPowerWakeUpFrequency(uint8_t)	40	static
MPU6050.c:97:6:void MPU6050_AccelerometerAxisStandby(uint8_t, uint8_t, uint8_t)	40	static
MPU6050.c:106:6:void MPU6050_GyroscopeAxisStandby(uint8_t, uint8_t, uint8_t)	40	static
MPU6050.c:118:6:void MPU6050_SetFullScaleGyroRange(uint8_t)	40	static
MPU6050.c:145:6:void MPU6050_SetFullScaleAccelRange(uint8_t)	40	static
MPU6050.c:175:9:int16_t MPU6050_GetTemperatureRAW()	32	static
MPU6050.c:182:7:float MPU6050_GetTemperatureCelsius()	16	static
MPU6050.c:191:9:int16_t MPU6050_GetAccelerationXRAW()	32	static
MPU6050.c:198:9:int16_t MPU6050_GetAccelerationYRAW()	32	static
MPU6050.c:205:9:int16_t MPU6050_GetAccelerationZRAW()	32	static
MPU6050.c:212:6:void MPU6050_GetAccelerometerRAW(int16_t*, int16_t*, int16_t*)	48	static
MPU6050.c:222:6:void MPU6050_GetAccelerometerScaled(float*, float*, float*)	32	static
MPU6050.c:234:9:int16_t MPU6050_GetRotationXRAW()	32	static
MPU6050.c:241:9:int16_t MPU6050_GetRotationYRAW()	32	static
MPU6050.c:248:9:int16_t MPU6050_GetRotationZRAW()	32	static
MPU6050.c:255:6:void MPU6050_GetGyroscopeRAW(int16_t*, int16_t*, int16_t*)	48	static
MPU6050.c:265:6:void MPU6050_GetGyroscopeScaled(float*, float*, float*)	32	static
MPU6050.c:278:6:void MPU6050_GetRollPitch(float*, float*)	40	static
MPU6050.c:292:6:void MPU6050_SetInterruptMode(uint8_t)	40	static
MPU6050.c:301:6:void MPU6050_SetInterruptDrive(uint8_t)	40	static
MPU6050.c:310:6:void MPU6050_SetInterruptLatch(uint8_t)	40	static
MPU6050.c:319:6:void MPU6050_SetInterruptLatchClear(uint8_t)	40	static
MPU6050.c:328:6:void MPU6050_SetIntEnableRegister(uint8_t)	32	static
MPU6050.c:333:6:void MPU6050_SetIntDataReadyEnabled(uint8_t)	40	static
MPU6050.c:342:9:uint8_t MPU6050_GetIntStatusRegister()	32	static
MPU6050.c:349:9:uint8_t MPU6050_GetDeviceID()	32	static
MPU6050.c:359:6:void MPU6050_SetDHPFMode(uint8_t)	40	static
MPU6050.c:368:9:uint8_t MPU6050_GetMotionStatusRegister()	32	static
MPU6050.c:375:6:void MPU6050_SetIntZeroMotionEnabled(uint8_t)	40	static
MPU6050.c:384:6:void MPU6050_SetIntMotionEnabled(uint8_t)	40	static
MPU6050.c:393:6:void MPU6050_SetIntFreeFallEnabled(uint8_t)	40	static
MPU6050.c:402:6:void MPU6050_SetMotionDetectionThreshold(uint8_t)	32	static
MPU6050.c:407:6:void MPU6050_SetMotionDetectionDuration(uint8_t)	32	static
MPU6050.c:412:6:void MPU6050_SetZeroMotionDetectionThreshold(uint8_t)	32	static
MPU6050.c:417:6:void MPU6050_SetZeroMotionDetectionDuration(uint8_t)	32	static
MPU6050.c:422:6:void MPU6050_SetFreeFallDetectionThreshold(uint8_t)	32	static
MPU6050.c:427:6:void MPU6050_SetFreeFallDetectionDuration(uint8_t)	32	static
MPU6050.c:435:6:void MPU6050_Init(I2C_HandleTypeDef*)	16	static
IMU_Gesture_Task.cpp:24:6:void Start_IMU_Gesture_Task(const void*)	160	static
