gthr-default.h:229:1:int __gthread_key_delete(__gthread_key_t)	16	static
LED_Driver.hpp:108:17:constexpr void SMPS::SBC_c::init(TIM_HandleTypeDef*, uint32_t, uint32_t*, SMPS::ADC_RANK_DMA, SMPS::ADC_RANK_DMA)	24	static
array:94:12:std::array<SMPS::SBC_c, 3>::array()	24	static
LED_Driver.hpp:134:7:SMPS::led_drivers_c::led_drivers_c()	16	static
LED_Driver_Task.cpp:26:6:void Start_LED_Driver_Task(const void*)	224	static
array:185:7:constexpr std::array<_Tp, _Nm>::value_type& std::array<_Tp, _Nm>::operator[](std::array<_Tp, _Nm>::size_type) [with _Tp = SMPS::SBC_c; unsigned int _Nm = 3]	16	static
array:126:7:constexpr std::array<_Tp, _Nm>::value_type* std::array<_Tp, _Nm>::begin() [with _Tp = SMPS::SBC_c; unsigned int _Nm = 3]	16	static
array:134:7:constexpr std::array<_Tp, _Nm>::value_type* std::array<_Tp, _Nm>::end() [with _Tp = SMPS::SBC_c; unsigned int _Nm = 3]	16	static
array:55:7:static constexpr _Tp& std::__array_traits<_Tp, _Nm>::_S_ref(const _Tp (&)[_Nm], std::size_t) [with _Tp = SMPS::SBC_c; unsigned int _Nm = 3]	16	static
array:234:7:constexpr std::array<_Tp, _Nm>::value_type* std::array<_Tp, _Nm>::data() [with _Tp = SMPS::SBC_c; unsigned int _Nm = 3]	16	static
array:59:7:static constexpr _Tp* std::__array_traits<_Tp, _Nm>::_S_ptr(const _Tp (&)[_Nm]) [with _Tp = SMPS::SBC_c; unsigned int _Nm = 3]	16	static
