freertos.c:108:6:void vApplicationGetIdleTaskMemory(StaticTask_t**, StackType_t**, uint32_t*)	24	static
freertos.c:122:6:void MX_FREERTOS_Init()	80	static
freertos.c:178:6:void StartDefaultTask(const void*)	16	static
freertos.c:198:6:void Start_State_of_Charge_Task(const void*)	88	static
gthr-default.h:229:1:int __gthread_key_delete(__gthread_key_t)	16	static
main.cpp:87:5:int main()	8	static
main.cpp:149:6:void SystemClock_Config()	152	static
main.cpp:210:6:void Custom_FREERTOS_Init()	128	static
main.cpp:229:6:void Custom_MainBoard_abstraction_init()	16	static
main.cpp:263:6:void HAL_TIM_PeriodElapsedCallback(TIM_HandleTypeDef*)	16	static
main.cpp:279:6:void Error_Handler()	4	static
