MPU6050.c:28:6:MPU6050_SetDlpf	48	static
MPU6050.c:40:6:MPU6050_DeviceReset	48	static
MPU6050.c:49:6:MPU6050_SetSleepEnabled	48	static
MPU6050.c:58:6:MPU6050_SetCycleEnabled	48	static
MPU6050.c:67:6:MPU6050_SetTemperatureSensorDisbled	48	static
MPU6050.c:76:6:MPU6050_SetClockSource	48	static
MPU6050.c:88:6:MPU6050_SetLowPowerWakeUpFrequency	48	static
MPU6050.c:97:6:MPU6050_AccelerometerAxisStandby	56	static
MPU6050.c:106:6:MPU6050_GyroscopeAxisStandby	56	static
MPU6050.c:118:6:MPU6050_SetFullScaleGyroRange	48	static
MPU6050.c:145:6:MPU6050_SetFullScaleAccelRange	48	static
MPU6050.c:175:9:MPU6050_GetTemperatureRAW	32	static
MPU6050.c:182:7:MPU6050_GetTemperatureCelsius	8	static
MPU6050.c:191:9:MPU6050_GetAccelerationXRAW	32	static
MPU6050.c:198:9:MPU6050_GetAccelerationYRAW	32	static
MPU6050.c:205:9:MPU6050_GetAccelerationZRAW	32	static
MPU6050.c:212:6:MPU6050_GetAccelerometerRAW	40	static
MPU6050.c:222:6:MPU6050_GetAccelerometerScaled	24	static
MPU6050.c:234:9:MPU6050_GetRotationXRAW	32	static
MPU6050.c:241:9:MPU6050_GetRotationYRAW	32	static
MPU6050.c:248:9:MPU6050_GetRotationZRAW	32	static
MPU6050.c:255:6:MPU6050_GetGyroscopeRAW	40	static
MPU6050.c:265:6:MPU6050_GetGyroscopeScaled	24	static
MPU6050.c:278:6:MPU6050_GetRollPitch	40	static
MPU6050.c:292:6:MPU6050_SetInterruptMode	48	static
MPU6050.c:301:6:MPU6050_SetInterruptDrive	48	static
MPU6050.c:310:6:MPU6050_SetInterruptLatch	48	static
MPU6050.c:319:6:MPU6050_SetInterruptLatchClear	48	static
MPU6050.c:328:6:MPU6050_SetIntEnableRegister	32	static
MPU6050.c:333:6:MPU6050_SetIntDataReadyEnabled	48	static
MPU6050.c:342:9:MPU6050_GetIntStatusRegister	32	static
MPU6050.c:349:9:MPU6050_GetDeviceID	32	static
MPU6050.c:359:6:MPU6050_SetDHPFMode	48	static
MPU6050.c:368:9:MPU6050_GetMotionStatusRegister	32	static
MPU6050.c:375:6:MPU6050_SetIntZeroMotionEnabled	48	static
MPU6050.c:384:6:MPU6050_SetIntMotionEnabled	48	static
MPU6050.c:393:6:MPU6050_SetIntFreeFallEnabled	48	static
MPU6050.c:402:6:MPU6050_SetMotionDetectionThreshold	32	static
MPU6050.c:407:6:MPU6050_SetMotionDetectionDuration	32	static
MPU6050.c:412:6:MPU6050_SetZeroMotionDetectionThreshold	32	static
MPU6050.c:417:6:MPU6050_SetZeroMotionDetectionDuration	32	static
MPU6050.c:422:6:MPU6050_SetFreeFallDetectionThreshold	32	static
MPU6050.c:427:6:MPU6050_SetFreeFallDetectionDuration	32	static
MPU6050.c:435:6:MPU6050_Init	8	static
