stm32l4xx_it.c:80:6:NMI_Handler	0	static
stm32l4xx_it.c:93:6:HardFault_Handler	8	static
stm32l4xx_it.c:112:6:MemManage_Handler	0	static
stm32l4xx_it.c:127:6:BusFault_Handler	0	static
stm32l4xx_it.c:142:6:UsageFault_Handler	0	static
stm32l4xx_it.c:157:6:DebugMon_Handler	0	static
stm32l4xx_it.c:177:6:EXTI2_IRQHandler	16	static
stm32l4xx_it.c:194:6:DMA1_Channel1_IRQHandler	8	static
stm32l4xx_it.c:208:6:DMA1_Channel3_IRQHandler	8	static
stm32l4xx_it.c:222:6:TIM1_UP_TIM16_IRQHandler	8	static
stm32l4xx_it.c:237:6:USART3_IRQHandler	8	static
stm32l4xx_it.c:251:6:EXTI15_10_IRQHandler	16	static,ignoring_inline_asm
stm32l4xx_it.c:269:6:DMA2_Channel4_IRQHandler	8	static
stm32l4xx_it.c:283:6:USB_IRQHandler	8	static
