Archive member included to satisfy reference by file (symbol)

/opt/st/stm32cubeide_1.5.0/plugins/com.st.stm32cube.ide.mcu.externaltools.gnu-tools-for-stm32.7-2018-q2-update.linux64_1.5.0.202011040924/tools/bin/../lib/gcc/arm-none-eabi/7.3.1/../../../../arm-none-eabi/lib/thumb/v7e-m/fpv4-sp/hard/libc_nano.a(lib_a-errno.o)
                              Core/Src/syscalls.o (__errno)
/opt/st/stm32cubeide_1.5.0/plugins/com.st.stm32cube.ide.mcu.externaltools.gnu-tools-for-stm32.7-2018-q2-update.linux64_1.5.0.202011040924/tools/bin/../lib/gcc/arm-none-eabi/7.3.1/../../../../arm-none-eabi/lib/thumb/v7e-m/fpv4-sp/hard/libc_nano.a(lib_a-exit.o)
                              /opt/st/stm32cubeide_1.5.0/plugins/com.st.stm32cube.ide.mcu.externaltools.gnu-tools-for-stm32.7-2018-q2-update.linux64_1.5.0.202011040924/tools/bin/../lib/gcc/arm-none-eabi/7.3.1/../../../../arm-none-eabi/lib/thumb/v7e-m/fpv4-sp/hard/crt0.o (exit)
/opt/st/stm32cubeide_1.5.0/plugins/com.st.stm32cube.ide.mcu.externaltools.gnu-tools-for-stm32.7-2018-q2-update.linux64_1.5.0.202011040924/tools/bin/../lib/gcc/arm-none-eabi/7.3.1/../../../../arm-none-eabi/lib/thumb/v7e-m/fpv4-sp/hard/libc_nano.a(lib_a-impure.o)
                              /opt/st/stm32cubeide_1.5.0/plugins/com.st.stm32cube.ide.mcu.externaltools.gnu-tools-for-stm32.7-2018-q2-update.linux64_1.5.0.202011040924/tools/bin/../lib/gcc/arm-none-eabi/7.3.1/../../../../arm-none-eabi/lib/thumb/v7e-m/fpv4-sp/hard/libc_nano.a(lib_a-exit.o) (_global_impure_ptr)
/opt/st/stm32cubeide_1.5.0/plugins/com.st.stm32cube.ide.mcu.externaltools.gnu-tools-for-stm32.7-2018-q2-update.linux64_1.5.0.202011040924/tools/bin/../lib/gcc/arm-none-eabi/7.3.1/../../../../arm-none-eabi/lib/thumb/v7e-m/fpv4-sp/hard/libc_nano.a(lib_a-init.o)
                              /opt/st/stm32cubeide_1.5.0/plugins/com.st.stm32cube.ide.mcu.externaltools.gnu-tools-for-stm32.7-2018-q2-update.linux64_1.5.0.202011040924/tools/bin/../lib/gcc/arm-none-eabi/7.3.1/../../../../arm-none-eabi/lib/thumb/v7e-m/fpv4-sp/hard/crt0.o (__libc_init_array)
/opt/st/stm32cubeide_1.5.0/plugins/com.st.stm32cube.ide.mcu.externaltools.gnu-tools-for-stm32.7-2018-q2-update.linux64_1.5.0.202011040924/tools/bin/../lib/gcc/arm-none-eabi/7.3.1/../../../../arm-none-eabi/lib/thumb/v7e-m/fpv4-sp/hard/libc_nano.a(lib_a-memcpy-stub.o)
                              Middlewares/Third_Party/FreeRTOS/Source/queue.o (memcpy)
/opt/st/stm32cubeide_1.5.0/plugins/com.st.stm32cube.ide.mcu.externaltools.gnu-tools-for-stm32.7-2018-q2-update.linux64_1.5.0.202011040924/tools/bin/../lib/gcc/arm-none-eabi/7.3.1/../../../../arm-none-eabi/lib/thumb/v7e-m/fpv4-sp/hard/libc_nano.a(lib_a-memset.o)
                              /opt/st/stm32cubeide_1.5.0/plugins/com.st.stm32cube.ide.mcu.externaltools.gnu-tools-for-stm32.7-2018-q2-update.linux64_1.5.0.202011040924/tools/bin/../lib/gcc/arm-none-eabi/7.3.1/../../../../arm-none-eabi/lib/thumb/v7e-m/fpv4-sp/hard/crt0.o (memset)
/opt/st/stm32cubeide_1.5.0/plugins/com.st.stm32cube.ide.mcu.externaltools.gnu-tools-for-stm32.7-2018-q2-update.linux64_1.5.0.202011040924/tools/bin/../lib/gcc/arm-none-eabi/7.3.1/thumb/v7e-m/fpv4-sp/hard/libgcc.a(_arm_addsubdf3.o)
                              Core/Src/LED_Driver.o (__aeabi_dadd)
/opt/st/stm32cubeide_1.5.0/plugins/com.st.stm32cube.ide.mcu.externaltools.gnu-tools-for-stm32.7-2018-q2-update.linux64_1.5.0.202011040924/tools/bin/../lib/gcc/arm-none-eabi/7.3.1/thumb/v7e-m/fpv4-sp/hard/libgcc.a(_arm_muldivdf3.o)
                              Core/Src/LED_Driver.o (__aeabi_dmul)
/opt/st/stm32cubeide_1.5.0/plugins/com.st.stm32cube.ide.mcu.externaltools.gnu-tools-for-stm32.7-2018-q2-update.linux64_1.5.0.202011040924/tools/bin/../lib/gcc/arm-none-eabi/7.3.1/thumb/v7e-m/fpv4-sp/hard/libgcc.a(_arm_fixunsdfsi.o)
                              Core/Src/LED_Driver.o (__aeabi_d2uiz)
/opt/st/stm32cubeide_1.5.0/plugins/com.st.stm32cube.ide.mcu.externaltools.gnu-tools-for-stm32.7-2018-q2-update.linux64_1.5.0.202011040924/tools/bin/../lib/gcc/arm-none-eabi/7.3.1/thumb/v7e-m/fpv4-sp/hard/libgcc.a(_aeabi_ldivmod.o)
                              Drivers/STM32L4xx_HAL_Driver/Src/stm32l4xx_hal_uart.o (__aeabi_ldivmod)
/opt/st/stm32cubeide_1.5.0/plugins/com.st.stm32cube.ide.mcu.externaltools.gnu-tools-for-stm32.7-2018-q2-update.linux64_1.5.0.202011040924/tools/bin/../lib/gcc/arm-none-eabi/7.3.1/thumb/v7e-m/fpv4-sp/hard/libgcc.a(_aeabi_uldivmod.o)
                              Drivers/STM32L4xx_HAL_Driver/Src/stm32l4xx_hal_uart.o (__aeabi_uldivmod)
/opt/st/stm32cubeide_1.5.0/plugins/com.st.stm32cube.ide.mcu.externaltools.gnu-tools-for-stm32.7-2018-q2-update.linux64_1.5.0.202011040924/tools/bin/../lib/gcc/arm-none-eabi/7.3.1/thumb/v7e-m/fpv4-sp/hard/libgcc.a(_udivmoddi4.o)
[...]
Memory Configuration

Name             Origin             Length             Attributes
RAM              0x0000000020000000 0x000000000000a000 xrw
FLASH            0x0000000008000000 0x0000000000010000 xr
*default*        0x0000000000000000 0xffffffffffffffff

Linker script and memory map

LOAD /opt/st/stm32cubeide_1.5.0/plugins/com.st.stm32cube.ide.mcu.externaltools.gnu-tools-for-stm32.7-2018-q2-update.linux64_1.5.0.202011040924/tools/bin/../lib/gcc/arm-none-eabi/7.3.1/thumb/v7e-m/fpv4-sp/hard/crti.o
LOAD /opt/st/stm32cubeide_1.5.0/plugins/com.st.stm32cube.ide.mcu.externaltools.gnu-tools-for-stm32.7-2018-q2-update.linux64_1.5.0.202011040924/tools/bin/../lib/gcc/arm-none-eabi/7.3.1/thumb/v7e-m/fpv4-sp/hard/crtbegin.o
LOAD /opt/st/stm32cubeide_1.5.0/plugins/com.st.stm32cube.ide.mcu.externaltools.gnu-tools-for-stm32.7-2018-q2-update.linux64_1.5.0.202011040924/tools/bin/../lib/gcc/arm-none-eabi/7.3.1/../../../../arm-none-eabi/lib/thumb/v7e-m/fpv4-sp/hard/crt0.o
LOAD Core/Src/BQ25895.o
LOAD Core/Src/Data_form_HB.o
LOAD Core/Src/IMU_Gesture_Task.o
LOAD Core/Src/LED_Driver.o
LOAD Core/Src/LED_Driver_Task.o
LOAD Core/Src/MPU6050.o
LOAD Core/Src/Main_Control_Task.o
LOAD Core/Src/User_Buttons_Task.o
LOAD Core/Src/adc.o
LOAD Core/Src/dma.o
LOAD Core/Src/freertos.o
LOAD Core/Src/gpio.o
LOAD Core/Src/i2c.o
LOAD Core/Src/main.o
LOAD Core/Src/stm32l4xx_hal_msp.o
LOAD Core/Src/stm32l4xx_hal_timebase_tim.o
LOAD Core/Src/stm32l4xx_it.o
LOAD Core/Src/syscalls.o
LOAD Core/Src/sysmem.o
LOAD Core/Src/system_stm32l4xx.o
LOAD Core/Src/tim.o
LOAD Core/Src/usart.o
LOAD Core/Startup/startup_stm32l412c8tx.o
LOAD Drivers/STM32L4xx_HAL_Driver/Src/stm32l4xx_hal.o
LOAD Drivers/STM32L4xx_HAL_Driver/Src/stm32l4xx_hal_adc.o
LOAD Drivers/STM32L4xx_HAL_Driver/Src/stm32l4xx_hal_adc_ex.o
LOAD Drivers/STM32L4xx_HAL_Driver/Src/stm32l4xx_hal_cortex.o
LOAD Drivers/STM32L4xx_HAL_Driver/Src/stm32l4xx_hal_dma.o
LOAD Drivers/STM32L4xx_HAL_Driver/Src/stm32l4xx_hal_dma_ex.o
LOAD Drivers/STM32L4xx_HAL_Driver/Src/stm32l4xx_hal_exti.o
LOAD Drivers/STM32L4xx_HAL_Driver/Src/stm32l4xx_hal_flash.o
LOAD Drivers/STM32L4xx_HAL_Driver/Src/stm32l4xx_hal_flash_ex.o
LOAD Drivers/STM32L4xx_HAL_Driver/Src/stm32l4xx_hal_flash_ramfunc.o
LOAD Drivers/STM32L4xx_HAL_Driver/Src/stm32l4xx_hal_gpio.o
LOAD Drivers/STM32L4xx_HAL_Driver/Src/stm32l4xx_hal_i2c.o
LOAD Drivers/STM32L4xx_HAL_Driver/Src/stm32l4xx_hal_i2c_ex.o
LOAD Drivers/STM32L4xx_HAL_Driver/Src/stm32l4xx_hal_pwr.o
LOAD Drivers/STM32L4xx_HAL_Driver/Src/stm32l4xx_hal_pwr_ex.o
LOAD Drivers/STM32L4xx_HAL_Driver/Src/stm32l4xx_hal_rcc.o
LOAD Drivers/STM32L4xx_HAL_Driver/Src/stm32l4xx_hal_rcc_ex.o
LOAD Drivers/STM32L4xx_HAL_Driver/Src/stm32l4xx_hal_tim.o
LOAD Drivers/STM32L4xx_HAL_Driver/Src/stm32l4xx_hal_tim_ex.o
LOAD Drivers/STM32L4xx_HAL_Driver/Src/stm32l4xx_hal_uart.o
LOAD Drivers/STM32L4xx_HAL_Driver/Src/stm32l4xx_hal_uart_ex.o
LOAD Middlewares/Third_Party/FreeRTOS/Source/CMSIS_RTOS/cmsis_os.o
LOAD Middlewares/Third_Party/FreeRTOS/Source/croutine.o
LOAD Middlewares/Third_Party/FreeRTOS/Source/event_groups.o
LOAD Middlewares/Third_Party/FreeRTOS/Source/list.o
LOAD Middlewares/Third_Party/FreeRTOS/Source/queue.o
LOAD Middlewares/Third_Party/FreeRTOS/Source/stream_buffer.o
LOAD Middlewares/Third_Party/FreeRTOS/Source/tasks.o
LOAD Middlewares/Third_Party/FreeRTOS/Source/timers.o
LOAD Middlewares/Third_Party/FreeRTOS/Source/portable/GCC/ARM_CM4F/port.o
LOAD Middlewares/Third_Party/FreeRTOS/Source/portable/MemMang/heap_4.o
START GROUP
LOAD /opt/st/stm32cubeide_1.5.0/plugins/com.st.stm32cube.ide.mcu.externaltools.gnu-tools-for-stm32.7-2018-q2-update.linux64_1.5.0.202011040924/tools/bin/../lib/gcc/arm-none-eabi/7.3.1/../../../../arm-none-eabi/lib/thumb/v7e-m/fpv4-sp/hard/libstdc++_nano.a
LOAD /opt/st/stm32cubeide_1.5.0/plugins/com.st.stm32cube.ide.mcu.externaltools.gnu-tools-for-stm32.7-2018-q2-update.linux64_1.5.0.202011040924/tools/bin/../lib/gcc/arm-none-eabi/7.3.1/../../../../arm-none-eabi/lib/thumb/v7e-m/fpv4-sp/hard/libsupc++_nano.a
END GROUP
LOAD /opt/st/stm32cubeide_1.5.0/plugins/com.st.stm32cube.ide.mcu.externaltools.gnu-tools-for-stm32.7-2018-q2-update.linux64_1.5.0.202011040924/tools/bin/../lib/gcc/arm-none-eabi/7.3.1/../../../../arm-none-eabi/lib/thumb/v7e-m/fpv4-sp/hard/libstdc++_nano.a
LOAD /opt/st/stm32cubeide_1.5.0/plugins/com.st.stm32cube.ide.mcu.externaltools.gnu-tools-for-stm32.7-2018-q2-update.linux64_1.5.0.202011040924/tools/bin/../lib/gcc/arm-none-eabi/7.3.1/../../../../arm-none-eabi/lib/thumb/v7e-m/fpv4-sp/hard/libm.a
LOAD /opt/st/stm32cubeide_1.5.0/plugins/com.st.stm32cube.ide.mcu.externaltools.gnu-tools-for-stm32.7-2018-q2-update.linux64_1.5.0.202011040924/tools/bin/../lib/gcc/arm-none-eabi/7.3.1/../../../../arm-none-eabi/lib/thumb/v7e-m/fpv4-sp/hard/libc_nano.a
START GROUP
LOAD /opt/st/stm32cubeide_1.5.0/plugins/com.st.stm32cube.ide.mcu.externaltools.gnu-tools-for-stm32.7-2018-q2-update.linux64_1.5.0.202011040924/tools/bin/../lib/gcc/arm-none-eabi/7.3.1/thumb/v7e-m/fpv4-sp/hard/libgcc.a
LOAD /opt/st/stm32cubeide_1.5.0/plugins/com.st.stm32cube.ide.mcu.externaltools.gnu-tools-for-stm32.7-2018-q2-update.linux64_1.5.0.202011040924/tools/bin/../lib/gcc/arm-none-eabi/7.3.1/../../../../arm-none-eabi/lib/thumb/v7e-m/fpv4-sp/hard/libc_nano.a
END GROUP
START GROUP
LOAD /opt/st/stm32cubeide_1.5.0/plugins/com.st.stm32cube.ide.mcu.externaltools.gnu-tools-for-stm32.7-2018-q2-update.linux64_1.5.0.202011040924/tools/bin/../lib/gcc/arm-none-eabi/7.3.1/thumb/v7e-m/fpv4-sp/hard/libgcc.a
LOAD /opt/st/stm32cubeide_1.5.0/plugins/com.st.stm32cube.ide.mcu.externaltools.gnu-tools-for-stm32.7-2018-q2-update.linux64_1.5.0.202011040924/tools/bin/../lib/gcc/arm-none-eabi/7.3.1/../../../../arm-none-eabi/lib/thumb/v7e-m/fpv4-sp/hard/libc_nano.a
LOAD /opt/st/stm32cubeide_1.5.0/plugins/com.st.stm32cube.ide.mcu.externaltools.gnu-tools-for-stm32.7-2018-q2-update.linux64_1.5.0.202011040924/tools/bin/../lib/gcc/arm-none-eabi/7.3.1/../../../../arm-none-eabi/lib/thumb/v7e-m/fpv4-sp/hard/libnosys.a
END GROUP
START GROUP
LOAD /opt/st/stm32cubeide_1.5.0/plugins/com.st.stm32cube.ide.mcu.externaltools.gnu-tools-for-stm32.7-2018-q2-update.linux64_1.5.0.202011040924/tools/bin/../lib/gcc/arm-none-eabi/7.3.1/thumb/v7e-m/fpv4-sp/hard/libgcc.a
LOAD /opt/st/stm32cubeide_1.5.0/plugins/com.st.stm32cube.ide.mcu.externaltools.gnu-tools-for-stm32.7-2018-q2-update.linux64_1.5.0.202011040924/tools/bin/../lib/gcc/arm-none-eabi/7.3.1/../../../../arm-none-eabi/lib/thumb/v7e-m/fpv4-sp/hard/libc_nano.a
LOAD /opt/st/stm32cubeide_1.5.0/plugins/com.st.stm32cube.ide.mcu.externaltools.gnu-tools-for-stm32.7-2018-q2-update.linux64_1.5.0.202011040924/tools/bin/../lib/gcc/arm-none-eabi/7.3.1/../../../../arm-none-eabi/lib/thumb/v7e-m/fpv4-sp/hard/libnosys.a
END GROUP
LOAD /opt/st/stm32cubeide_1.5.0/plugins/com.st.stm32cube.ide.mcu.externaltools.gnu-tools-for-stm32.7-2018-q2-update.linux64_1.5.0.202011040924/tools/bin/../lib/gcc/arm-none-eabi/7.3.1/thumb/v7e-m/fpv4-sp/hard/crtend.o
LOAD /opt/st/stm32cubeide_1.5.0/plugins/com.st.stm32cube.ide.mcu.externaltools.gnu-tools-for-stm32.7-2018-q2-update.linux64_1.5.0.202011040924/tools/bin/../lib/gcc/arm-none-eabi/7.3.1/thumb/v7e-m/fpv4-sp/hard/crtn.o
                0x000000002000a000                _estack = (ORIGIN (RAM) + LENGTH (RAM))
                0x0000000000000200                _Min_Heap_Size = 0x200
                0x0000000000000400                _Min_Stack_Size = 0x400

.isr_vector     0x0000000008000000      0x18c
                0x0000000008000000                . = ALIGN (0x4)
 *(.isr_vector)
 .isr_vector    0x0000000008000000      0x18c Core/Startup/startup_stm32l412c8tx.o
                0x0000000008000000                g_pfnVectors
                0x000000000800018c                . = ALIGN (0x4)

.text           0x0000000008000190     0x7968
                0x0000000008000190                . = ALIGN (0x4)
 *(.text)
 .text          0x0000000008000190       0x40 /opt/st/stm32cubeide_1.5.0/plugins/com.st.stm32cube.ide.mcu.externaltools.gnu-tools-for-stm32.7-2018-q2-update.linux64_1.5.0.202011040924/tools/bin/../lib/gcc/arm-none-eabi/7.3.1/thumb/v7e-m/fpv4-sp/hard/crtbegin.o
 .text          0x00000000080001d0      0x378 /opt/st/stm32cubeide_1.5.0/plugins/com.st.stm32cube.ide.mcu.externaltools.gnu-tools-for-stm32.7-2018-q2-update.linux64_1.5.0.202011040924/tools/bin/../lib/gcc/arm-none-eabi/7.3.1/thumb/v7e-m/fpv4-sp/hard/libgcc.a(_arm_addsubdf3.o)
                0x00000000080001d0                __aeabi_drsub
                0x00000000080001d8                __aeabi_dsub
                0x00000000080001d8                __subdf3
                0x00000000080001dc                __adddf3
                0x00000000080001dc                __aeabi_dadd
                0x0000000008000454                __aeabi_ui2d
                0x0000000008000454                __floatunsidf
                0x0000000008000474                __floatsidf
                0x0000000008000474                __aeabi_i2d
                0x0000000008000498                __extendsfdf2
                0x0000000008000498                __aeabi_f2d
                0x00000000080004dc                __aeabi_ul2d
                0x00000000080004dc                __floatundidf
                0x00000000080004ec                __floatdidf
                0x00000000080004ec                __aeabi_l2d
 .text          0x0000000008000548      0x424 /opt/st/stm32cubeide_1.5.0/plugins/com.st.stm32cube.ide.mcu.externaltools.gnu-tools-for-stm32.7-2018-q2-update.linux64_1.5.0.202011040924/tools/bin/../lib/gcc/arm-none-eabi/7.3.1/thumb/v7e-m/fpv4-sp/hard/libgcc.a(_arm_muldivdf3.o)
                0x0000000008000548                __aeabi_dmul
                0x0000000008000548                __muldf3
                0x000000000800079c                __aeabi_ddiv
                0x000000000800079c                __divdf3
 .text          0x000000000800096c       0x40 /opt/st/stm32cubeide_1.5.0/plugins/com.st.stm32cube.ide.mcu.externaltools.gnu-tools-for-stm32.7-2018-q2-update.linux64_1.5.0.202011040924/tools/bin/../lib/gcc/arm-none-eabi/7.3.1/thumb/v7e-m/fpv4-sp/hard/libgcc.a(_arm_fixunsdfsi.o)
                0x000000000800096c                __fixunsdfsi
                0x000000000800096c                __aeabi_d2uiz
 .text          0x00000000080009ac       0x30 /opt/st/stm32cubeide_1.5.0/plugins/com.st.stm32cube.ide.mcu.externaltools.gnu-tools-for-stm32.7-2018-q2-update.linux64_1.5.0.202011040924/tools/bin/../lib/gcc/arm-none-eabi/7.3.1/thumb/v7e-m/fpv4-sp/hard/libgcc.a(_aeabi_uldivmod.o)
                0x00000000080009ac                __aeabi_uldivmod
 .text          0x00000000080009dc      0x2cc /opt/st/stm32cubeide_1.5.0/plugins/com.st.stm32cube.ide.mcu.externaltools.gnu-tools-for-stm32.7-2018-q2-update.linux64_1.5.0.202011040924/tools/bin/../lib/gcc/arm-none-eabi/7.3.1/thumb/v7e-m/fpv4-sp/hard/libgcc.a(_udivmoddi4.o)
                0x00000000080009dc                __udivmoddi4
 .text          0x0000000008000ca8        0x4 /opt/st/stm32cubeide_1.5.0/plugins/com.st.stm32cube.ide.mcu.externaltools.gnu-tools-for-stm32.7-2018-q2-update.linux64_1.5.0.202011040924/tools/bin/../lib/gcc/arm-none-eabi/7.3.1/thumb/v7e-m/fpv4-sp/hard/libgcc.a(_dvmd_tls.o)
                0x0000000008000ca8                __aeabi_ldiv0
                0x0000000008000ca8                __aeabi_idiv0
 *(.text*)
 .text._ZN3cBQ14set_boost_modeEb
                0x0000000008000cac       0x40 Core/Src/BQ25895.o
                0x0000000008000cac                cBQ::set_boost_mode(bool)
 .text._ZN3cBQ14set_battchargeEb
                0x0000000008000cec       0x40 Core/Src/BQ25895.o
                0x0000000008000cec                cBQ::set_battcharge(bool)
 .text._ZN3cBQ8shipmodeEv
                0x0000000008000d2c       0x2c Core/Src/BQ25895.o
                0x0000000008000d2c                cBQ::shipmode()
 .text._ZN3cBQ16read_battvoltageEv
                0x0000000008000d58       0x5c Core/Src/BQ25895.o
                0x0000000008000d58                cBQ::read_battvoltage()
 .text._ZN3cBQC2Ev
                0x0000000008000db4       0x40 Core/Src/BQ25895.o
                0x0000000008000db4                cBQ::cBQ()
                0x0000000008000db4                cBQ::cBQ()
 .text._ZN3cBQ7init_BQEP19__I2C_HandleTypeDef
                0x0000000008000df4      0x2b0 Core/Src/BQ25895.o
                0x0000000008000df4                cBQ::init_BQ(__I2C_HandleTypeDef*)
 .text._ZN3cBQ11update_VBUSEbt
                0x00000000080010a4       0x68 Core/Src/BQ25895.o
                0x00000000080010a4                cBQ::update_VBUS(bool, unsigned short)
 .text._ZN17mainboard_form_hbC2Ev
                0x000000000800110c       0x24 Core/Src/Data_form_HB.o
                0x000000000800110c                mainboard_form_hb::mainboard_form_hb()
                0x000000000800110c                mainboard_form_hb::mainboard_form_hb()
 .text._ZN17mainboard_form_hb6updateEv
                0x0000000008001130       0x38 Core/Src/Data_form_HB.o
                0x0000000008001130                mainboard_form_hb::update()
 .text._Z22Start_IMU_Gesture_TaskPKv
                0x0000000008001168       0x1c Core/Src/IMU_Gesture_Task.o
                0x0000000008001168                Start_IMU_Gesture_Task(void const*)
 .text._ZN4SMPS5SBC_c11set_currentEm
                0x0000000008001184        0x4 Core/Src/LED_Driver.o
                0x0000000008001184                SMPS::SBC_c::set_current(unsigned long)
 .text._ZN4SMPS5SBC_c14set_update_pidEv
                0x0000000008001188      0x1b8 Core/Src/LED_Driver.o
                0x0000000008001188                SMPS::SBC_c::set_update_pid()
 .text._ZN4SMPS5SBC_cC2Ev
                0x0000000008001340       0x1c Core/Src/LED_Driver.o
                0x0000000008001340                SMPS::SBC_c::SBC_c()
                0x0000000008001340                SMPS::SBC_c::SBC_c()
 .text._ZN4SMPS13led_drivers_c16set_all_currentsEP16set_current_item
                0x000000000800135c       0x24 Core/Src/LED_Driver.o
                0x000000000800135c                SMPS::led_drivers_c::set_all_currents(set_current_item*)
 .text._Z21Start_LED_Driver_TaskPKv
                0x0000000008001380      0x10c Core/Src/LED_Driver_Task.o
                0x0000000008001380                Start_LED_Driver_Task(void const*)
 .text._Z23Start_Main_Control_TaskPKv
                0x000000000800148c      0x674 Core/Src/Main_Control_Task.o
                0x000000000800148c                Start_Main_Control_Task(void const*)
 .text._Z23Start_User_Buttons_TaskPKv
                0x0000000008001b00       0xbc Core/Src/User_Buttons_Task.o
                0x0000000008001b00                Start_User_Buttons_Task(void const*)
 .text.MX_ADC1_Init
                0x0000000008001bbc      0x140 Core/Src/adc.o
                0x0000000008001bbc                MX_ADC1_Init
 .text.MX_ADC2_Init
                0x0000000008001cfc       0xac Core/Src/adc.o
                0x0000000008001cfc                MX_ADC2_Init
 .text.HAL_ADC_MspInit
                0x0000000008001da8      0x168 Core/Src/adc.o
                0x0000000008001da8                HAL_ADC_MspInit
 .text.MX_DMA_Init
                0x0000000008001f10       0x64 Core/Src/dma.o
                0x0000000008001f10                MX_DMA_Init
 .text.vApplicationGetIdleTaskMemory
                0x0000000008001f74       0x1c Core/Src/freertos.o
                0x0000000008001f74                vApplicationGetIdleTaskMemory
 .text.MX_GPIO_Init
                0x0000000008001f90      0x150 Core/Src/gpio.o
                0x0000000008001f90                MX_GPIO_Init
 .text.MX_I2C1_Init
                0x00000000080020e0       0x5c Core/Src/i2c.o
                0x00000000080020e0                MX_I2C1_Init
 .text.HAL_I2C_MspInit
                0x000000000800213c       0x70 Core/Src/i2c.o
                0x000000000800213c                HAL_I2C_MspInit
 .text._Z16StartDefaultTaskPKv
                0x00000000080021ac        0xc Core/Src/main.o
                0x00000000080021ac                StartDefaultTask(void const*)
 .text._Z26Start_State_of_Charge_TaskPKv
                0x00000000080021b8        0xc Core/Src/main.o
                0x00000000080021b8                Start_State_of_Charge_Task(void const*)
 .text._Z16MX_FREERTOS_Initv
                0x00000000080021c4       0x6c Core/Src/main.o
                0x00000000080021c4                MX_FREERTOS_Init()
 .text._Z18SystemClock_Configv
                0x0000000008002230       0x7c Core/Src/main.o
                0x0000000008002230                SystemClock_Config()
 .text._Z20Custom_FREERTOS_Initv
                0x00000000080022ac       0x94 Core/Src/main.o
                0x00000000080022ac                Custom_FREERTOS_Init()
 .text._Z33Custom_MainBoard_abstraction_initv
                0x0000000008002340       0x28 Core/Src/main.o
                0x0000000008002340                Custom_MainBoard_abstraction_init()
 .text.startup.main
                0x0000000008002368       0x38 Core/Src/main.o
                0x0000000008002368                main
 .text.HAL_TIM_PeriodElapsedCallback
                0x00000000080023a0       0x14 Core/Src/main.o
                0x00000000080023a0                HAL_TIM_PeriodElapsedCallback
 .text.Error_Handler
                0x00000000080023b4        0x4 Core/Src/main.o
                0x00000000080023b4                Error_Handler
 .text.HAL_MspInit
                0x00000000080023b8       0x3c Core/Src/stm32l4xx_hal_msp.o
                0x00000000080023b8                HAL_MspInit
 .text.HAL_InitTick
                0x00000000080023f4       0x7c Core/Src/stm32l4xx_hal_timebase_tim.o
                0x00000000080023f4                HAL_InitTick
 .text.NMI_Handler
                0x0000000008002470        0x4 Core/Src/stm32l4xx_it.o
                0x0000000008002470                NMI_Handler
 .text.HardFault_Handler
                0x0000000008002474        0x4 Core/Src/stm32l4xx_it.o
                0x0000000008002474                HardFault_Handler
 .text.MemManage_Handler
                0x0000000008002478        0x4 Core/Src/stm32l4xx_it.o
                0x0000000008002478                MemManage_Handler
 .text.BusFault_Handler
                0x000000000800247c        0x4 Core/Src/stm32l4xx_it.o
                0x000000000800247c                BusFault_Handler
 .text.UsageFault_Handler
                0x0000000008002480        0x4 Core/Src/stm32l4xx_it.o
                0x0000000008002480                UsageFault_Handler
 .text.DebugMon_Handler
                0x0000000008002484        0x4 Core/Src/stm32l4xx_it.o
                0x0000000008002484                DebugMon_Handler
 .text.EXTI2_IRQHandler
                0x0000000008002488       0x3c Core/Src/stm32l4xx_it.o
                0x0000000008002488                EXTI2_IRQHandler
 .text.DMA1_Channel1_IRQHandler
                0x00000000080024c4        0xc Core/Src/stm32l4xx_it.o
                0x00000000080024c4                DMA1_Channel1_IRQHandler
 .text.DMA1_Channel3_IRQHandler
                0x00000000080024d0        0xc Core/Src/stm32l4xx_it.o
                0x00000000080024d0                DMA1_Channel3_IRQHandler
 .text.TIM1_UP_TIM16_IRQHandler
                0x00000000080024dc       0x1c Core/Src/stm32l4xx_it.o
                0x00000000080024dc                TIM1_UP_TIM16_IRQHandler
 .text.USART3_IRQHandler
                0x00000000080024f8        0xc Core/Src/stm32l4xx_it.o
                0x00000000080024f8                USART3_IRQHandler
 .text.EXTI15_10_IRQHandler
                0x0000000008002504       0x40 Core/Src/stm32l4xx_it.o
                0x0000000008002504                EXTI15_10_IRQHandler
 .text.DMA2_Channel4_IRQHandler
                0x0000000008002544        0xc Core/Src/stm32l4xx_it.o
                0x0000000008002544                DMA2_Channel4_IRQHandler
 .text.SystemInit
                0x0000000008002550       0x50 Core/Src/system_stm32l4xx.o
                0x0000000008002550                SystemInit
 .text.MX_TIM1_Init
                0x00000000080025a0      0x130 Core/Src/tim.o
                0x00000000080025a0                MX_TIM1_Init
 .text.HAL_TIM_PWM_MspInit
                0x00000000080026d0       0x40 Core/Src/tim.o
                0x00000000080026d0                HAL_TIM_PWM_MspInit
 .text.MX_USART3_UART_Init
                0x0000000008002710       0x3c Core/Src/usart.o
                0x0000000008002710                MX_USART3_UART_Init
 .text.HAL_UART_MspInit
                0x000000000800274c       0xb4 Core/Src/usart.o
                0x000000000800274c                HAL_UART_MspInit
 .text.Reset_Handler
                0x0000000008002800       0x48 Core/Startup/startup_stm32l412c8tx.o
                0x0000000008002800                Reset_Handler
 .text.Default_Handler
                0x0000000008002848        0x2 Core/Startup/startup_stm32l412c8tx.o
                0x0000000008002848                RTC_Alarm_IRQHandler
                0x0000000008002848                TIM1_CC_IRQHandler
                0x0000000008002848                TSC_IRQHandler
                0x0000000008002848                TIM6_IRQHandler
                0x0000000008002848                TAMP_STAMP_IRQHandler
                0x0000000008002848                EXTI3_IRQHandler
                0x0000000008002848                LPTIM2_IRQHandler
                0x0000000008002848                I2C3_ER_IRQHandler
                0x0000000008002848                EXTI0_IRQHandler
                0x0000000008002848                I2C2_EV_IRQHandler
                0x0000000008002848                FPU_IRQHandler
                0x0000000008002848                ADC1_2_IRQHandler
                0x0000000008002848                SPI1_IRQHandler
                0x0000000008002848                DMA2_Channel2_IRQHandler
                0x0000000008002848                DMA1_Channel4_IRQHandler
                0x0000000008002848                DMA1_Channel7_IRQHandler
                0x0000000008002848                DMA2_Channel1_IRQHandler
                0x0000000008002848                QUADSPI_IRQHandler
                0x0000000008002848                I2C1_EV_IRQHandler
                0x0000000008002848                DMA1_Channel6_IRQHandler
                0x0000000008002848                RCC_IRQHandler
                0x0000000008002848                TIM1_TRG_COM_IRQHandler
                0x0000000008002848                Default_Handler
                0x0000000008002848                DMA2_Channel7_IRQHandler
                0x0000000008002848                I2C3_EV_IRQHandler
                0x0000000008002848                USB_IRQHandler
                0x0000000008002848                EXTI9_5_IRQHandler
                0x0000000008002848                RTC_WKUP_IRQHandler
                0x0000000008002848                PVD_PVM_IRQHandler
                0x0000000008002848                SPI2_IRQHandler
                0x0000000008002848                DMA2_Channel5_IRQHandler
                0x0000000008002848                CRS_IRQHandler
                0x0000000008002848                DMA1_Channel5_IRQHandler
                0x0000000008002848                EXTI4_IRQHandler
                0x0000000008002848                RNG_IRQHandler
                0x0000000008002848                COMP_IRQHandler
                0x0000000008002848                WWDG_IRQHandler
                0x0000000008002848                LPUART1_IRQHandler
                0x0000000008002848                DMA2_Channel6_IRQHandler
                0x0000000008002848                TIM2_IRQHandler
                0x0000000008002848                EXTI1_IRQHandler
                0x0000000008002848                USART2_IRQHandler
                0x0000000008002848                I2C2_ER_IRQHandler
                0x0000000008002848                DMA1_Channel2_IRQHandler
                0x0000000008002848                FLASH_IRQHandler
                0x0000000008002848                USART1_IRQHandler
                0x0000000008002848                I2C1_ER_IRQHandler
                0x0000000008002848                LPTIM1_IRQHandler
                0x0000000008002848                DMA2_Channel3_IRQHandler
                0x0000000008002848                TIM1_BRK_TIM15_IRQHandler
 *fill*         0x000000000800284a        0x2 
 .text.HAL_Init
                0x000000000800284c       0x28 Drivers/STM32L4xx_HAL_Driver/Src/stm32l4xx_hal.o
                0x000000000800284c                HAL_Init
 .text.HAL_IncTick
                0x0000000008002874       0x18 Drivers/STM32L4xx_HAL_Driver/Src/stm32l4xx_hal.o
                0x0000000008002874                HAL_IncTick
 .text.HAL_GetTick
                0x000000000800288c        0xc Drivers/STM32L4xx_HAL_Driver/Src/stm32l4xx_hal.o
                0x000000000800288c                HAL_GetTick
 .text.HAL_ADC_Init
                0x0000000008002898      0x1d8 Drivers/STM32L4xx_HAL_Driver/Src/stm32l4xx_hal_adc.o
                0x0000000008002898                HAL_ADC_Init
 .text.HAL_ADC_Start_DMA
                0x0000000008002a70      0x14c Drivers/STM32L4xx_HAL_Driver/Src/stm32l4xx_hal_adc.o
                0x0000000008002a70                HAL_ADC_Start_DMA
 .text.HAL_ADC_ConvCpltCallback
                0x0000000008002bbc        0x4 Drivers/STM32L4xx_HAL_Driver/Src/stm32l4xx_hal_adc.o
                0x0000000008002bbc                HAL_ADC_ConvCpltCallback
 .text.HAL_ADC_ConvHalfCpltCallback
                0x0000000008002bc0        0x4 Drivers/STM32L4xx_HAL_Driver/Src/stm32l4xx_hal_adc.o
                0x0000000008002bc0                HAL_ADC_ConvHalfCpltCallback
 .text.ADC_DMAHalfConvCplt
                0x0000000008002bc4        0xc Drivers/STM32L4xx_HAL_Driver/Src/stm32l4xx_hal_adc.o
                0x0000000008002bc4                ADC_DMAHalfConvCplt
 .text.HAL_ADC_ErrorCallback
                0x0000000008002bd0        0x4 Drivers/STM32L4xx_HAL_Driver/Src/stm32l4xx_hal_adc.o
                0x0000000008002bd0                HAL_ADC_ErrorCallback
 .text.ADC_DMAConvCplt
                0x0000000008002bd4       0x68 Drivers/STM32L4xx_HAL_Driver/Src/stm32l4xx_hal_adc.o
                0x0000000008002bd4                ADC_DMAConvCplt
 .text.ADC_DMAError
                0x0000000008002c3c       0x1c Drivers/STM32L4xx_HAL_Driver/Src/stm32l4xx_hal_adc.o
                0x0000000008002c3c                ADC_DMAError
 .text.HAL_ADC_ConfigChannel
                0x0000000008002c58      0x474 Drivers/STM32L4xx_HAL_Driver/Src/stm32l4xx_hal_adc.o
                0x0000000008002c58                HAL_ADC_ConfigChannel
 .text.HAL_ADCEx_MultiModeConfigChannel
                0x00000000080030cc       0xd8 Drivers/STM32L4xx_HAL_Driver/Src/stm32l4xx_hal_adc_ex.o
                0x00000000080030cc                HAL_ADCEx_MultiModeConfigChannel
 .text.HAL_NVIC_SetPriorityGrouping
                0x00000000080031a4       0x24 Drivers/STM32L4xx_HAL_Driver/Src/stm32l4xx_hal_cortex.o
                0x00000000080031a4                HAL_NVIC_SetPriorityGrouping
 .text.HAL_NVIC_SetPriority
                0x00000000080031c8       0x6c Drivers/STM32L4xx_HAL_Driver/Src/stm32l4xx_hal_cortex.o
                0x00000000080031c8                HAL_NVIC_SetPriority
 .text.HAL_NVIC_EnableIRQ
                0x0000000008003234       0x1c Drivers/STM32L4xx_HAL_Driver/Src/stm32l4xx_hal_cortex.o
                0x0000000008003234                HAL_NVIC_EnableIRQ
 .text.HAL_DMA_Init
                0x0000000008003250       0xd8 Drivers/STM32L4xx_HAL_Driver/Src/stm32l4xx_hal_dma.o
                0x0000000008003250                HAL_DMA_Init
 .text.HAL_DMA_Start_IT
                0x0000000008003328       0x8c Drivers/STM32L4xx_HAL_Driver/Src/stm32l4xx_hal_dma.o
                0x0000000008003328                HAL_DMA_Start_IT
 .text.HAL_DMA_Abort_IT
                0x00000000080033b4       0x4c Drivers/STM32L4xx_HAL_Driver/Src/stm32l4xx_hal_dma.o
                0x00000000080033b4                HAL_DMA_Abort_IT
 .text.HAL_DMA_IRQHandler
                0x0000000008003400       0xa0 Drivers/STM32L4xx_HAL_Driver/Src/stm32l4xx_hal_dma.o
                0x0000000008003400                HAL_DMA_IRQHandler
 .text.HAL_GPIO_Init
                0x00000000080034a0      0x190 Drivers/STM32L4xx_HAL_Driver/Src/stm32l4xx_hal_gpio.o
                0x00000000080034a0                HAL_GPIO_Init
 .text.HAL_GPIO_ReadPin
                0x0000000008003630        0xc Drivers/STM32L4xx_HAL_Driver/Src/stm32l4xx_hal_gpio.o
                0x0000000008003630                HAL_GPIO_ReadPin
 .text.HAL_GPIO_WritePin
                0x000000000800363c        0xc Drivers/STM32L4xx_HAL_Driver/Src/stm32l4xx_hal_gpio.o
                0x000000000800363c                HAL_GPIO_WritePin
 .text.HAL_GPIO_TogglePin
                0x0000000008003648       0x14 Drivers/STM32L4xx_HAL_Driver/Src/stm32l4xx_hal_gpio.o
                0x0000000008003648                HAL_GPIO_TogglePin
 .text.HAL_GPIO_EXTI_Callback
                0x000000000800365c        0x4 Drivers/STM32L4xx_HAL_Driver/Src/stm32l4xx_hal_gpio.o
                0x000000000800365c                HAL_GPIO_EXTI_Callback
 .text.HAL_GPIO_EXTI_IRQHandler
                0x0000000008003660       0x18 Drivers/STM32L4xx_HAL_Driver/Src/stm32l4xx_hal_gpio.o
                0x0000000008003660                HAL_GPIO_EXTI_IRQHandler
 .text.I2C_WaitOnTXISFlagUntilTimeout
                0x0000000008003678       0xa8 Drivers/STM32L4xx_HAL_Driver/Src/stm32l4xx_hal_i2c.o
 .text.I2C_WaitOnSTOPFlagUntilTimeout
                0x0000000008003720       0xac Drivers/STM32L4xx_HAL_Driver/Src/stm32l4xx_hal_i2c.o
 .text.HAL_I2C_Init
                0x00000000080037cc       0xa8 Drivers/STM32L4xx_HAL_Driver/Src/stm32l4xx_hal_i2c.o
                0x00000000080037cc                HAL_I2C_Init
 .text.HAL_I2C_Mem_Write
                0x0000000008003874      0x244 Drivers/STM32L4xx_HAL_Driver/Src/stm32l4xx_hal_i2c.o
                0x0000000008003874                HAL_I2C_Mem_Write
 .text.HAL_I2C_Mem_Read
                0x0000000008003ab8      0x25c Drivers/STM32L4xx_HAL_Driver/Src/stm32l4xx_hal_i2c.o
                0x0000000008003ab8                HAL_I2C_Mem_Read
 .text.HAL_I2CEx_ConfigAnalogFilter
                0x0000000008003d14       0x54 Drivers/STM32L4xx_HAL_Driver/Src/stm32l4xx_hal_i2c_ex.o
                0x0000000008003d14                HAL_I2CEx_ConfigAnalogFilter
 .text.HAL_I2CEx_ConfigDigitalFilter
                0x0000000008003d68       0x50 Drivers/STM32L4xx_HAL_Driver/Src/stm32l4xx_hal_i2c_ex.o
                0x0000000008003d68                HAL_I2CEx_ConfigDigitalFilter
 .text.HAL_PWREx_GetVoltageRange
                0x0000000008003db8       0x10 Drivers/STM32L4xx_HAL_Driver/Src/stm32l4xx_hal_pwr_ex.o
                0x0000000008003db8                HAL_PWREx_GetVoltageRange
 .text.HAL_PWREx_ControlVoltageScaling
                0x0000000008003dc8       0x88 Drivers/STM32L4xx_HAL_Driver/Src/stm32l4xx_hal_pwr_ex.o
                0x0000000008003dc8                HAL_PWREx_ControlVoltageScaling
 .text.HAL_RCC_GetSysClockFreq
                0x0000000008003e50       0xb4 Drivers/STM32L4xx_HAL_Driver/Src/stm32l4xx_hal_rcc.o
                0x0000000008003e50                HAL_RCC_GetSysClockFreq
 .text.HAL_RCC_OscConfig
                0x0000000008003f04      0x780 Drivers/STM32L4xx_HAL_Driver/Src/stm32l4xx_hal_rcc.o
                0x0000000008003f04                HAL_RCC_OscConfig
 .text.HAL_RCC_ClockConfig
                0x0000000008004684      0x130 Drivers/STM32L4xx_HAL_Driver/Src/stm32l4xx_hal_rcc.o
                0x0000000008004684                HAL_RCC_ClockConfig
 .text.HAL_RCC_GetPCLK1Freq
                0x00000000080047b4       0x24 Drivers/STM32L4xx_HAL_Driver/Src/stm32l4xx_hal_rcc.o
                0x00000000080047b4                HAL_RCC_GetPCLK1Freq
 .text.HAL_RCC_GetPCLK2Freq
                0x00000000080047d8       0x24 Drivers/STM32L4xx_HAL_Driver/Src/stm32l4xx_hal_rcc.o
                0x00000000080047d8                HAL_RCC_GetPCLK2Freq
 .text.HAL_RCC_GetClockConfig
                0x00000000080047fc       0x44 Drivers/STM32L4xx_HAL_Driver/Src/stm32l4xx_hal_rcc.o
                0x00000000080047fc                HAL_RCC_GetClockConfig
 .text.HAL_RCCEx_PeriphCLKConfig
                0x0000000008004840      0x200 Drivers/STM32L4xx_HAL_Driver/Src/stm32l4xx_hal_rcc_ex.o
                0x0000000008004840                HAL_RCCEx_PeriphCLKConfig
 .text.HAL_TIM_Base_MspInit
                0x0000000008004a40        0x4 Drivers/STM32L4xx_HAL_Driver/Src/stm32l4xx_hal_tim.o
                0x0000000008004a40                HAL_TIM_Base_MspInit
 .text.HAL_TIM_Base_Init
                0x0000000008004a44       0xd0 Drivers/STM32L4xx_HAL_Driver/Src/stm32l4xx_hal_tim.o
                0x0000000008004a44                HAL_TIM_Base_Init
 .text.HAL_TIM_Base_Start_IT
                0x0000000008004b14       0x5c Drivers/STM32L4xx_HAL_Driver/Src/stm32l4xx_hal_tim.o
                0x0000000008004b14                HAL_TIM_Base_Start_IT
 .text.HAL_TIM_PWM_Init
                0x0000000008004b70       0xd0 Drivers/STM32L4xx_HAL_Driver/Src/stm32l4xx_hal_tim.o
                0x0000000008004b70                HAL_TIM_PWM_Init
 .text.HAL_TIM_PWM_Start
                0x0000000008004c40       0xf0 Drivers/STM32L4xx_HAL_Driver/Src/stm32l4xx_hal_tim.o
                0x0000000008004c40                HAL_TIM_PWM_Start
 .text.HAL_TIM_PWM_ConfigChannel
                0x0000000008004d30      0x374 Drivers/STM32L4xx_HAL_Driver/Src/stm32l4xx_hal_tim.o
                0x0000000008004d30                HAL_TIM_PWM_ConfigChannel
 .text.HAL_TIM_OC_DelayElapsedCallback
                0x00000000080050a4        0x4 Drivers/STM32L4xx_HAL_Driver/Src/stm32l4xx_hal_tim.o
                0x00000000080050a4                HAL_TIM_OC_DelayElapsedCallback
 .text.HAL_TIM_IC_CaptureCallback
                0x00000000080050a8        0x4 Drivers/STM32L4xx_HAL_Driver/Src/stm32l4xx_hal_tim.o
                0x00000000080050a8                HAL_TIM_IC_CaptureCallback
 .text.HAL_TIM_PWM_PulseFinishedCallback
                0x00000000080050ac        0x4 Drivers/STM32L4xx_HAL_Driver/Src/stm32l4xx_hal_tim.o
                0x00000000080050ac                HAL_TIM_PWM_PulseFinishedCallback
 .text.HAL_TIM_TriggerCallback
                0x00000000080050b0        0x4 Drivers/STM32L4xx_HAL_Driver/Src/stm32l4xx_hal_tim.o
                0x00000000080050b0                HAL_TIM_TriggerCallback
 .text.HAL_TIM_IRQHandler
                0x00000000080050b4      0x170 Drivers/STM32L4xx_HAL_Driver/Src/stm32l4xx_hal_tim.o
                0x00000000080050b4                HAL_TIM_IRQHandler
 .text.HAL_TIMEx_MasterConfigSynchronization
                0x0000000008005224       0x74 Drivers/STM32L4xx_HAL_Driver/Src/stm32l4xx_hal_tim_ex.o
                0x0000000008005224                HAL_TIMEx_MasterConfigSynchronization
 .text.HAL_TIMEx_ConfigBreakDeadTime
                0x0000000008005298       0x84 Drivers/STM32L4xx_HAL_Driver/Src/stm32l4xx_hal_tim_ex.o
                0x0000000008005298                HAL_TIMEx_ConfigBreakDeadTime
 .text.HAL_TIMEx_CommutCallback
                0x000000000800531c        0x4 Drivers/STM32L4xx_HAL_Driver/Src/stm32l4xx_hal_tim_ex.o
                0x000000000800531c                HAL_TIMEx_CommutCallback
 .text.HAL_TIMEx_BreakCallback
                0x0000000008005320        0x4 Drivers/STM32L4xx_HAL_Driver/Src/stm32l4xx_hal_tim_ex.o
                0x0000000008005320                HAL_TIMEx_BreakCallback
 .text.HAL_TIMEx_Break2Callback
                0x0000000008005324        0x4 Drivers/STM32L4xx_HAL_Driver/Src/stm32l4xx_hal_tim_ex.o
                0x0000000008005324                HAL_TIMEx_Break2Callback
 .text.HAL_UART_Receive_DMA
                0x0000000008005328       0xa8 Drivers/STM32L4xx_HAL_Driver/Src/stm32l4xx_hal_uart.o
                0x0000000008005328                HAL_UART_Receive_DMA
 .text.HAL_UART_TxCpltCallback
                0x00000000080053d0        0x4 Drivers/STM32L4xx_HAL_Driver/Src/stm32l4xx_hal_uart.o
                0x00000000080053d0                HAL_UART_TxCpltCallback
 .text.HAL_UART_RxCpltCallback
                0x00000000080053d4        0x4 Drivers/STM32L4xx_HAL_Driver/Src/stm32l4xx_hal_uart.o
                0x00000000080053d4                HAL_UART_RxCpltCallback
 .text.UART_DMAReceiveCplt
                0x00000000080053d8       0x38 Drivers/STM32L4xx_HAL_Driver/Src/stm32l4xx_hal_uart.o
 .text.HAL_UART_RxHalfCpltCallback
                0x0000000008005410        0x4 Drivers/STM32L4xx_HAL_Driver/Src/stm32l4xx_hal_uart.o
                0x0000000008005410                HAL_UART_RxHalfCpltCallback
 .text.UART_DMARxHalfCplt
                0x0000000008005414        0xc Drivers/STM32L4xx_HAL_Driver/Src/stm32l4xx_hal_uart.o
 .text.HAL_UART_ErrorCallback
                0x0000000008005420        0x4 Drivers/STM32L4xx_HAL_Driver/Src/stm32l4xx_hal_uart.o
                0x0000000008005420                HAL_UART_ErrorCallback
 .text.UART_DMAError
                0x0000000008005424       0x60 Drivers/STM32L4xx_HAL_Driver/Src/stm32l4xx_hal_uart.o
 .text.HAL_UART_IRQHandler
                0x0000000008005484      0x174 Drivers/STM32L4xx_HAL_Driver/Src/stm32l4xx_hal_uart.o
                0x0000000008005484                HAL_UART_IRQHandler
 .text.UART_DMAAbortOnError
                0x00000000080055f8       0x18 Drivers/STM32L4xx_HAL_Driver/Src/stm32l4xx_hal_uart.o
 .text.UART_AdvFeatureConfig
                0x0000000008005610       0xb0 Drivers/STM32L4xx_HAL_Driver/Src/stm32l4xx_hal_uart.o
                0x0000000008005610                UART_AdvFeatureConfig
 .text.HAL_UART_Init
                0x00000000080056c0      0x378 Drivers/STM32L4xx_HAL_Driver/Src/stm32l4xx_hal_uart.o
                0x00000000080056c0                HAL_UART_Init
 .text.HAL_UARTEx_WakeupCallback
                0x0000000008005a38        0x4 Drivers/STM32L4xx_HAL_Driver/Src/stm32l4xx_hal_uart_ex.o
                0x0000000008005a38                HAL_UARTEx_WakeupCallback
 .text.osKernelStart
                0x0000000008005a3c        0xc Middlewares/Third_Party/FreeRTOS/Source/CMSIS_RTOS/cmsis_os.o
                0x0000000008005a3c                osKernelStart
 .text.osThreadCreate
                0x0000000008005a48       0x54 Middlewares/Third_Party/FreeRTOS/Source/CMSIS_RTOS/cmsis_os.o
                0x0000000008005a48                osThreadCreate
 .text.osDelay  0x0000000008005a9c       0x10 Middlewares/Third_Party/FreeRTOS/Source/CMSIS_RTOS/cmsis_os.o
                0x0000000008005a9c                osDelay
 .text.osSemaphoreCreate
                0x0000000008005aac       0x54 Middlewares/Third_Party/FreeRTOS/Source/CMSIS_RTOS/cmsis_os.o
                0x0000000008005aac                osSemaphoreCreate
 .text.osMessageCreate
                0x0000000008005b00       0x2c Middlewares/Third_Party/FreeRTOS/Source/CMSIS_RTOS/cmsis_os.o
                0x0000000008005b00                osMessageCreate
 .text.vListInitialise
                0x0000000008005b2c       0x18 Middlewares/Third_Party/FreeRTOS/Source/list.o
                0x0000000008005b2c                vListInitialise
 .text.vListInitialiseItem
                0x0000000008005b44        0x8 Middlewares/Third_Party/FreeRTOS/Source/list.o
                0x0000000008005b44                vListInitialiseItem
 .text.vListInsertEnd
                0x0000000008005b4c       0x20 Middlewares/Third_Party/FreeRTOS/Source/list.o
                0x0000000008005b4c                vListInsertEnd
 .text.vListInsert
                0x0000000008005b6c       0x34 Middlewares/Third_Party/FreeRTOS/Source/list.o
                0x0000000008005b6c                vListInsert
 .text.uxListRemove
                0x0000000008005ba0       0x28 Middlewares/Third_Party/FreeRTOS/Source/list.o
                0x0000000008005ba0                uxListRemove
 .text.prvUnlockQueue
                0x0000000008005bc8       0x94 Middlewares/Third_Party/FreeRTOS/Source/queue.o
 .text.xQueueGenericReset
                0x0000000008005c5c       0x84 Middlewares/Third_Party/FreeRTOS/Source/queue.o
                0x0000000008005c5c                xQueueGenericReset
 .text.xQueueGenericCreateStatic
                0x0000000008005ce0       0xa8 Middlewares/Third_Party/FreeRTOS/Source/queue.o
                0x0000000008005ce0                xQueueGenericCreateStatic
 .text.xQueueGenericCreate
                0x0000000008005d88       0x94 Middlewares/Third_Party/FreeRTOS/Source/queue.o
                0x0000000008005d88                xQueueGenericCreate
 .text.xQueueGenericSend
                0x0000000008005e1c      0x324 Middlewares/Third_Party/FreeRTOS/Source/queue.o
                0x0000000008005e1c                xQueueGenericSend
 .text.xQueueGiveFromISR
                0x0000000008006140       0xac Middlewares/Third_Party/FreeRTOS/Source/queue.o
                0x0000000008006140                xQueueGiveFromISR
 .text.xQueueReceive
                0x00000000080061ec      0x2c8 Middlewares/Third_Party/FreeRTOS/Source/queue.o
                0x00000000080061ec                xQueueReceive
 .text.xQueueSemaphoreTake
                0x00000000080064b4      0x31c Middlewares/Third_Party/FreeRTOS/Source/queue.o
                0x00000000080064b4                xQueueSemaphoreTake
 .text.prvAddNewTaskToReadyList
                0x00000000080067d0      0x118 Middlewares/Third_Party/FreeRTOS/Source/tasks.o
 .text.prvInitialiseNewTask.isra.2
                0x00000000080068e8      0x118 Middlewares/Third_Party/FreeRTOS/Source/tasks.o
 .text.prvAddCurrentTaskToDelayedList
                0x0000000008006a00       0x8c Middlewares/Third_Party/FreeRTOS/Source/tasks.o
 .text.prvIdleTask
                0x0000000008006a8c       0xa0 Middlewares/Third_Party/FreeRTOS/Source/tasks.o
 .text.xTaskCreateStatic
                0x0000000008006b2c       0x70 Middlewares/Third_Party/FreeRTOS/Source/tasks.o
                0x0000000008006b2c                xTaskCreateStatic
 .text.xTaskCreate
                0x0000000008006b9c      0x158 Middlewares/Third_Party/FreeRTOS/Source/tasks.o
                0x0000000008006b9c                xTaskCreate
 .text.vTaskStartScheduler
                0x0000000008006cf4       0xc4 Middlewares/Third_Party/FreeRTOS/Source/tasks.o
                0x0000000008006cf4                vTaskStartScheduler
 .text.vTaskSuspendAll
                0x0000000008006db8       0x10 Middlewares/Third_Party/FreeRTOS/Source/tasks.o
                0x0000000008006db8                vTaskSuspendAll
 .text.xTaskIncrementTick
                0x0000000008006dc8      0x158 Middlewares/Third_Party/FreeRTOS/Source/tasks.o
                0x0000000008006dc8                xTaskIncrementTick
 .text.xTaskResumeAll
                0x0000000008006f20      0x114 Middlewares/Third_Party/FreeRTOS/Source/tasks.o
                0x0000000008006f20                xTaskResumeAll
 .text.vTaskDelay
                0x0000000008007034       0x48 Middlewares/Third_Party/FreeRTOS/Source/tasks.o
                0x0000000008007034                vTaskDelay
 .text.vTaskSwitchContext
                0x000000000800707c       0x7c Middlewares/Third_Party/FreeRTOS/Source/tasks.o
                0x000000000800707c                vTaskSwitchContext
 .text.vTaskPlaceOnEventList
                0x00000000080070f8       0xa0 Middlewares/Third_Party/FreeRTOS/Source/tasks.o
                0x00000000080070f8                vTaskPlaceOnEventList
 .text.xTaskRemoveFromEventList
                0x0000000008007198       0x88 Middlewares/Third_Party/FreeRTOS/Source/tasks.o
                0x0000000008007198                xTaskRemoveFromEventList
 .text.vTaskInternalSetTimeOutState
                0x0000000008007220       0x18 Middlewares/Third_Party/FreeRTOS/Source/tasks.o
                0x0000000008007220                vTaskInternalSetTimeOutState
 .text.xTaskCheckForTimeOut
                0x0000000008007238       0x8c Middlewares/Third_Party/FreeRTOS/Source/tasks.o
                0x0000000008007238                xTaskCheckForTimeOut
 .text.vTaskMissedYield
                0x00000000080072c4        0xc Middlewares/Third_Party/FreeRTOS/Source/tasks.o
                0x00000000080072c4                vTaskMissedYield
 .text.xTaskGetSchedulerState
                0x00000000080072d0       0x20 Middlewares/Third_Party/FreeRTOS/Source/tasks.o
                0x00000000080072d0                xTaskGetSchedulerState
 .text.xTaskPriorityInherit
                0x00000000080072f0       0xac Middlewares/Third_Party/FreeRTOS/Source/tasks.o
                0x00000000080072f0                xTaskPriorityInherit
 .text.xTaskPriorityDisinherit
                0x000000000800739c       0xb0 Middlewares/Third_Party/FreeRTOS/Source/tasks.o
                0x000000000800739c                xTaskPriorityDisinherit
 .text.vTaskPriorityDisinheritAfterTimeout
                0x000000000800744c       0xc0 Middlewares/Third_Party/FreeRTOS/Source/tasks.o
                0x000000000800744c                vTaskPriorityDisinheritAfterTimeout
 .text.pvTaskIncrementMutexHeldCount
                0x000000000800750c       0x18 Middlewares/Third_Party/FreeRTOS/Source/tasks.o
                0x000000000800750c                pvTaskIncrementMutexHeldCount
 .text.prvTaskExitError
                0x0000000008007524       0x40 Middlewares/Third_Party/FreeRTOS/Source/portable/GCC/ARM_CM4F/port.o
 .text.unlikely.prvPortStartFirstTask
                0x0000000008007564       0x28 Middlewares/Third_Party/FreeRTOS/Source/portable/GCC/ARM_CM4F/port.o
 .text.unlikely.vPortEnableVFP
                0x000000000800758c       0x14 Middlewares/Third_Party/FreeRTOS/Source/portable/GCC/ARM_CM4F/port.o
 .text.pxPortInitialiseStack
                0x00000000080075a0       0x2c Middlewares/Third_Party/FreeRTOS/Source/portable/GCC/ARM_CM4F/port.o
                0x00000000080075a0                pxPortInitialiseStack
 *fill*         0x00000000080075cc        0x4 
 .text.SVC_Handler
                0x00000000080075d0       0x24 Middlewares/Third_Party/FreeRTOS/Source/portable/GCC/ARM_CM4F/port.o
                0x00000000080075d0                SVC_Handler
 .text.vPortEnterCritical
                0x00000000080075f4       0x44 Middlewares/Third_Party/FreeRTOS/Source/portable/GCC/ARM_CM4F/port.o
                0x00000000080075f4                vPortEnterCritical
 .text.vPortExitCritical
                0x0000000008007638       0x28 Middlewares/Third_Party/FreeRTOS/Source/portable/GCC/ARM_CM4F/port.o
                0x0000000008007638                vPortExitCritical
 .text.PendSV_Handler
                0x0000000008007660       0x64 Middlewares/Third_Party/FreeRTOS/Source/portable/GCC/ARM_CM4F/port.o
                0x0000000008007660                PendSV_Handler
 .text.SysTick_Handler
                0x00000000080076c4       0x2c Middlewares/Third_Party/FreeRTOS/Source/portable/GCC/ARM_CM4F/port.o
                0x00000000080076c4                SysTick_Handler
 .text.vPortSetupTimerInterrupt
                0x00000000080076f0       0x3c Middlewares/Third_Party/FreeRTOS/Source/portable/GCC/ARM_CM4F/port.o
                0x00000000080076f0                vPortSetupTimerInterrupt
 .text.xPortStartScheduler
                0x000000000800772c      0x110 Middlewares/Third_Party/FreeRTOS/Source/portable/GCC/ARM_CM4F/port.o
                0x000000000800772c                xPortStartScheduler
 .text.vPortValidateInterruptPriority
                0x000000000800783c       0x5c Middlewares/Third_Party/FreeRTOS/Source/portable/GCC/ARM_CM4F/port.o
                0x000000000800783c                vPortValidateInterruptPriority
 .text.unlikely.prvInsertBlockIntoFreeList
                0x0000000008007898       0x50 Middlewares/Third_Party/FreeRTOS/Source/portable/MemMang/heap_4.o
 .text.pvPortMalloc
                0x00000000080078e8      0x118 Middlewares/Third_Party/FreeRTOS/Source/portable/MemMang/heap_4.o
                0x00000000080078e8                pvPortMalloc
 .text.vPortFree
                0x0000000008007a00       0x70 Middlewares/Third_Party/FreeRTOS/Source/portable/MemMang/heap_4.o
                0x0000000008007a00                vPortFree
 .text.__libc_init_array
                0x0000000008007a70       0x48 /opt/st/stm32cubeide_1.5.0/plugins/com.st.stm32cube.ide.mcu.externaltools.gnu-tools-for-stm32.7-2018-q2-update.linux64_1.5.0.202011040924/tools/bin/../lib/gcc/arm-none-eabi/7.3.1/../../../../arm-none-eabi/lib/thumb/v7e-m/fpv4-sp/hard/libc_nano.a(lib_a-init.o)
                0x0000000008007a70                __libc_init_array
 .text.memcpy   0x0000000008007ab8       0x16 /opt/st/stm32cubeide_1.5.0/plugins/com.st.stm32cube.ide.mcu.externaltools.gnu-tools-for-stm32.7-2018-q2-update.linux64_1.5.0.202011040924/tools/bin/../lib/gcc/arm-none-eabi/7.3.1/../../../../arm-none-eabi/lib/thumb/v7e-m/fpv4-sp/hard/libc_nano.a(lib_a-memcpy-stub.o)
                0x0000000008007ab8                memcpy
 .text.memset   0x0000000008007ace       0x10 /opt/st/stm32cubeide_1.5.0/plugins/com.st.stm32cube.ide.mcu.externaltools.gnu-tools-for-stm32.7-2018-q2-update.linux64_1.5.0.202011040924/tools/bin/../lib/gcc/arm-none-eabi/7.3.1/../../../../arm-none-eabi/lib/thumb/v7e-m/fpv4-sp/hard/libc_nano.a(lib_a-memset.o)
                0x0000000008007ace                memset
 *(.glue_7)
 .glue_7        0x0000000008007ade        0x0 linker stubs
 *(.glue_7t)
 .glue_7t       0x0000000008007ade        0x0 linker stubs
 *(.eh_frame)
 *fill*         0x0000000008007ade        0x2 
 .eh_frame      0x0000000008007ae0        0x0 /opt/st/stm32cubeide_1.5.0/plugins/com.st.stm32cube.ide.mcu.externaltools.gnu-tools-for-stm32.7-2018-q2-update.linux64_1.5.0.202011040924/tools/bin/../lib/gcc/arm-none-eabi/7.3.1/thumb/v7e-m/fpv4-sp/hard/crtbegin.o
 *(.init)
 .init          0x0000000008007ae0        0x4 /opt/st/stm32cubeide_1.5.0/plugins/com.st.stm32cube.ide.mcu.externaltools.gnu-tools-for-stm32.7-2018-q2-update.linux64_1.5.0.202011040924/tools/bin/../lib/gcc/arm-none-eabi/7.3.1/thumb/v7e-m/fpv4-sp/hard/crti.o
                0x0000000008007ae0                _init
 .init          0x0000000008007ae4        0x8 /opt/st/stm32cubeide_1.5.0/plugins/com.st.stm32cube.ide.mcu.externaltools.gnu-tools-for-stm32.7-2018-q2-update.linux64_1.5.0.202011040924/tools/bin/../lib/gcc/arm-none-eabi/7.3.1/thumb/v7e-m/fpv4-sp/hard/crtn.o
 *(.fini)
 .fini          0x0000000008007aec        0x4 /opt/st/stm32cubeide_1.5.0/plugins/com.st.stm32cube.ide.mcu.externaltools.gnu-tools-for-stm32.7-2018-q2-update.linux64_1.5.0.202011040924/tools/bin/../lib/gcc/arm-none-eabi/7.3.1/thumb/v7e-m/fpv4-sp/hard/crti.o
                0x0000000008007aec                _fini
 .fini          0x0000000008007af0        0x8 /opt/st/stm32cubeide_1.5.0/plugins/com.st.stm32cube.ide.mcu.externaltools.gnu-tools-for-stm32.7-2018-q2-update.linux64_1.5.0.202011040924/tools/bin/../lib/gcc/arm-none-eabi/7.3.1/thumb/v7e-m/fpv4-sp/hard/crtn.o
                0x0000000008007af8                . = ALIGN (0x4)
                0x0000000008007af8                _etext = .

.vfp11_veneer   0x0000000008007af8        0x0
 .vfp11_veneer  0x0000000008007af8        0x0 linker stubs

.v4_bx          0x0000000008007af8        0x0
 .v4_bx         0x0000000008007af8        0x0 linker stubs

.iplt           0x0000000008007af8        0x0
 .iplt          0x0000000008007af8        0x0 /opt/st/stm32cubeide_1.5.0/plugins/com.st.stm32cube.ide.mcu.externaltools.gnu-tools-for-stm32.7-2018-q2-update.linux64_1.5.0.202011040924/tools/bin/../lib/gcc/arm-none-eabi/7.3.1/thumb/v7e-m/fpv4-sp/hard/crtbegin.o

.rodata         0x0000000008007af8      0x180
                0x0000000008007af8                . = ALIGN (0x4)
 *(.rodata)
 .rodata        0x0000000008007af8       0x10 Core/Src/LED_Driver_Task.o
 .rodata        0x0000000008007b08       0x10 Core/Src/Main_Control_Task.o
 .rodata        0x0000000008007b18       0xa8 Core/Src/main.o
 *(.rodata*)
 .rodata.str1.4
                0x0000000008007bc0       0x54 Core/Src/main.o
 .rodata.AHBPrescTable
                0x0000000008007c14       0x10 Core/Src/system_stm32l4xx.o
                0x0000000008007c14                AHBPrescTable
 .rodata.APBPrescTable
                0x0000000008007c24        0x8 Core/Src/system_stm32l4xx.o
                0x0000000008007c24                APBPrescTable
 .rodata.MSIRangeTable
                0x0000000008007c2c       0x30 Core/Src/system_stm32l4xx.o
                0x0000000008007c2c                MSIRangeTable
 .rodata.CSWTCH.52
                0x0000000008007c5c        0x4 Drivers/STM32L4xx_HAL_Driver/Src/stm32l4xx_hal_uart.o
 .rodata.CSWTCH.53
                0x0000000008007c60        0xd Drivers/STM32L4xx_HAL_Driver/Src/stm32l4xx_hal_uart.o
 *fill*         0x0000000008007c6d        0x3 
 .rodata.vTaskStartScheduler.str1.4
                0x0000000008007c70        0x8 Middlewares/Third_Party/FreeRTOS/Source/tasks.o
                                          0x5 (size before relaxing)
                0x0000000008007c78                . = ALIGN (0x4)

.ARM.extab      0x0000000008007c78        0x0
                0x0000000008007c78                . = ALIGN (0x4)
 *(.ARM.extab* .gnu.linkonce.armextab.*)
                0x0000000008007c78                . = ALIGN (0x4)

.ARM            0x0000000008007c78        0x8
                0x0000000008007c78                . = ALIGN (0x4)
                0x0000000008007c78                __exidx_start = .
 *(.ARM.exidx*)
 .ARM.exidx     0x0000000008007c78        0x8 /opt/st/stm32cubeide_1.5.0/plugins/com.st.stm32cube.ide.mcu.externaltools.gnu-tools-for-stm32.7-2018-q2-update.linux64_1.5.0.202011040924/tools/bin/../lib/gcc/arm-none-eabi/7.3.1/thumb/v7e-m/fpv4-sp/hard/libgcc.a(_udivmoddi4.o)
                0x0000000008007c80                __exidx_end = .
                0x0000000008007c80                . = ALIGN (0x4)

.rel.dyn        0x0000000008007c80        0x0
 .rel.iplt      0x0000000008007c80        0x0 /opt/st/stm32cubeide_1.5.0/plugins/com.st.stm32cube.ide.mcu.externaltools.gnu-tools-for-stm32.7-2018-q2-update.linux64_1.5.0.202011040924/tools/bin/../lib/gcc/arm-none-eabi/7.3.1/thumb/v7e-m/fpv4-sp/hard/crtbegin.o

.preinit_array  0x0000000008007c80        0x0
                0x0000000008007c80                . = ALIGN (0x4)
                0x0000000008007c80                PROVIDE (__preinit_array_start = .)
 *(.preinit_array*)
                0x0000000008007c80                PROVIDE (__preinit_array_end = .)
                0x0000000008007c80                . = ALIGN (0x4)

.init_array     0x0000000008007c80        0x4
                0x0000000008007c80                . = ALIGN (0x4)
                0x0000000008007c80                PROVIDE (__init_array_start = .)
 *(SORT_BY_NAME(.init_array.*))
 *(.init_array*)
 .init_array    0x0000000008007c80        0x4 /opt/st/stm32cubeide_1.5.0/plugins/com.st.stm32cube.ide.mcu.externaltools.gnu-tools-for-stm32.7-2018-q2-update.linux64_1.5.0.202011040924/tools/bin/../lib/gcc/arm-none-eabi/7.3.1/thumb/v7e-m/fpv4-sp/hard/crtbegin.o
                0x0000000008007c84                PROVIDE (__init_array_end = .)
                0x0000000008007c84                . = ALIGN (0x4)

.fini_array     0x0000000008007c84        0x4
                0x0000000008007c84                . = ALIGN (0x4)
                [!provide]                        PROVIDE (__fini_array_start = .)
 *(SORT_BY_NAME(.fini_array.*))
 *(.fini_array*)
 .fini_array    0x0000000008007c84        0x4 /opt/st/stm32cubeide_1.5.0/plugins/com.st.stm32cube.ide.mcu.externaltools.gnu-tools-for-stm32.7-2018-q2-update.linux64_1.5.0.202011040924/tools/bin/../lib/gcc/arm-none-eabi/7.3.1/thumb/v7e-m/fpv4-sp/hard/crtbegin.o
                [!provide]                        PROVIDE (__fini_array_end = .)
                0x0000000008007c88                . = ALIGN (0x4)
                0x0000000008007c88                _sidata = LOADADDR (.data)

.data           0x0000000020000000       0x10 load address 0x0000000008007c88
                0x0000000020000000                . = ALIGN (0x4)
                0x0000000020000000                _sdata = .
 *(.data)
 *(.data*)
 .data.SystemCoreClock
                0x0000000020000000        0x4 Core/Src/system_stm32l4xx.o
                0x0000000020000000                SystemCoreClock
 .data.uwTickFreq
                0x0000000020000004        0x1 Drivers/STM32L4xx_HAL_Driver/Src/stm32l4xx_hal.o
                0x0000000020000004                uwTickFreq
 *fill*         0x0000000020000005        0x3 
 .data.uwTickPrio
                0x0000000020000008        0x4 Drivers/STM32L4xx_HAL_Driver/Src/stm32l4xx_hal.o
                0x0000000020000008                uwTickPrio
 .data.uxCriticalNesting
                0x000000002000000c        0x4 Middlewares/Third_Party/FreeRTOS/Source/portable/GCC/ARM_CM4F/port.o
                0x0000000020000010                . = ALIGN (0x4)
                0x0000000020000010                _edata = .

.igot.plt       0x0000000020000010        0x0 load address 0x0000000008007c98
 .igot.plt      0x0000000020000010        0x0 /opt/st/stm32cubeide_1.5.0/plugins/com.st.stm32cube.ide.mcu.externaltools.gnu-tools-for-stm32.7-2018-q2-update.linux64_1.5.0.202011040924/tools/bin/../lib/gcc/arm-none-eabi/7.3.1/thumb/v7e-m/fpv4-sp/hard/crtbegin.o
                0x0000000020000010                . = ALIGN (0x4)

.bss            0x0000000020000010     0x37a0 load address 0x0000000008007c98
                0x0000000020000010                _sbss = .
                0x0000000020000010                __bss_start__ = _sbss
 *(.bss)
 .bss           0x0000000020000010       0x1c /opt/st/stm32cubeide_1.5.0/plugins/com.st.stm32cube.ide.mcu.externaltools.gnu-tools-for-stm32.7-2018-q2-update.linux64_1.5.0.202011040924/tools/bin/../lib/gcc/arm-none-eabi/7.3.1/thumb/v7e-m/fpv4-sp/hard/crtbegin.o
 *(.bss*)
 .bss._ZZN3cBQ11update_VBUSEbtE8iterator
                0x000000002000002c        0x1 Core/Src/BQ25895.o
 *fill*         0x000000002000002d        0x3 
 .bss.Set_Current_QueueBuffer
                0x0000000020000030       0x48 Core/Src/LED_Driver_Task.o
                0x0000000020000030                Set_Current_QueueBuffer
 .bss.Set_Current_QueueControlBlock
                0x0000000020000078       0x48 Core/Src/LED_Driver_Task.o
                0x0000000020000078                Set_Current_QueueControlBlock
 .bss.HB_data_debug
                0x00000000200000c0        0xa Core/Src/Main_Control_Task.o
                0x00000000200000c0                HB_data_debug
 *fill*         0x00000000200000ca        0x2 
 .bss.alc_current_debug
                0x00000000200000cc        0x4 Core/Src/Main_Control_Task.o
                0x00000000200000cc                alc_current_debug
 .bss.b_voltage_debug
                0x00000000200000d0        0x2 Core/Src/Main_Control_Task.o
                0x00000000200000d0                b_voltage_debug
 .bss.profile_debug
                0x00000000200000d2        0x1 Core/Src/Main_Control_Task.o
                0x00000000200000d2                profile_debug
 *fill*         0x00000000200000d3        0x1 
 .bss.HAL_RCC_ADC_CLK_ENABLED
                0x00000000200000d4        0x4 Core/Src/adc.o
 .bss.xIdleStack
                0x00000000200000d8      0x100 Core/Src/freertos.o
 .bss.xIdleTaskTCBBuffer
                0x00000000200001d8       0x54 Core/Src/freertos.o
 .bss.Button_state_QueueHandle
                0x000000002000022c        0x4 Core/Src/main.o
                0x000000002000022c                Button_state_QueueHandle
 .bss.IMU_GestureBuffer
                0x0000000020000230       0x80 Core/Src/main.o
                0x0000000020000230                IMU_GestureBuffer
 .bss.IMU_GestureControlBlock
                0x00000000200002b0       0x54 Core/Src/main.o
                0x00000000200002b0                IMU_GestureControlBlock
 .bss.IMU_GestureHandle
                0x0000000020000304        0x4 Core/Src/main.o
                0x0000000020000304                IMU_GestureHandle
 .bss.LED_DriverControlBlock
                0x0000000020000308       0x54 Core/Src/main.o
                0x0000000020000308                LED_DriverControlBlock
 .bss.LED_DriverHandle
                0x000000002000035c        0x4 Core/Src/main.o
                0x000000002000035c                LED_DriverHandle
 .bss.LED_Driver_Task_Buffer
                0x0000000020000360      0x200 Core/Src/main.o
                0x0000000020000360                LED_Driver_Task_Buffer
 .bss.Main_ControlHandle
                0x0000000020000560        0x4 Core/Src/main.o
                0x0000000020000560                Main_ControlHandle
 .bss.Main_Control_TaskControlBlock
                0x0000000020000564       0x54 Core/Src/main.o
                0x0000000020000564                Main_Control_TaskControlBlock
 .bss.Main_Control_Task_Buffer
                0x00000000200005b8      0x200 Core/Src/main.o
                0x00000000200005b8                Main_Control_Task_Buffer
 .bss.Set_Current_QueueHandle
                0x00000000200007b8        0x4 Core/Src/main.o
                0x00000000200007b8                Set_Current_QueueHandle
 .bss.State_of_ChargeBuffer
                0x00000000200007bc      0x100 Core/Src/main.o
                0x00000000200007bc                State_of_ChargeBuffer
 .bss.State_of_ChargeControlBlock
                0x00000000200008bc       0x54 Core/Src/main.o
                0x00000000200008bc                State_of_ChargeControlBlock
 .bss.State_of_ChargeHandle
                0x0000000020000910        0x4 Core/Src/main.o
                0x0000000020000910                State_of_ChargeHandle
 .bss.User_ButtonControlBlock
                0x0000000020000914       0x54 Core/Src/main.o
                0x0000000020000914                User_ButtonControlBlock
 .bss.User_ButtonsHandle
                0x0000000020000968        0x4 Core/Src/main.o
                0x0000000020000968                User_ButtonsHandle
 .bss.User_Buttons_Task_Buffer
                0x000000002000096c      0x100 Core/Src/main.o
                0x000000002000096c                User_Buttons_Task_Buffer
 .bss.adc2_data
                0x0000000020000a6c       0x40 Core/Src/main.o
                0x0000000020000a6c                adc2_data
 .bss.defaultTaskBuffer
                0x0000000020000aac      0x100 Core/Src/main.o
                0x0000000020000aac                defaultTaskBuffer
 .bss.defaultTaskControlBlock
                0x0000000020000bac       0x54 Core/Src/main.o
                0x0000000020000bac                defaultTaskControlBlock
 .bss.defaultTaskHandle
                0x0000000020000c00        0x4 Core/Src/main.o
                0x0000000020000c00                defaultTaskHandle
 .bss.xButtonSemaphoreControlBlock
                0x0000000020000c04       0x48 Core/Src/main.o
                0x0000000020000c04                xButtonSemaphoreControlBlock
 .bss.xButtonSemaphoreHandle
                0x0000000020000c4c        0x4 Core/Src/main.o
                0x0000000020000c4c                xButtonSemaphoreHandle
 .bss.pxCurrentTCB
                0x0000000020000c50        0x4 Middlewares/Third_Party/FreeRTOS/Source/tasks.o
                0x0000000020000c50                pxCurrentTCB
 .bss.pxDelayedTaskList
                0x0000000020000c54        0x4 Middlewares/Third_Party/FreeRTOS/Source/tasks.o
 .bss.pxOverflowDelayedTaskList
                0x0000000020000c58        0x4 Middlewares/Third_Party/FreeRTOS/Source/tasks.o
 .bss.pxReadyTasksLists
                0x0000000020000c5c       0x8c Middlewares/Third_Party/FreeRTOS/Source/tasks.o
 .bss.uxCurrentNumberOfTasks
                0x0000000020000ce8        0x4 Middlewares/Third_Party/FreeRTOS/Source/tasks.o
 .bss.uxDeletedTasksWaitingCleanUp
                0x0000000020000cec        0x4 Middlewares/Third_Party/FreeRTOS/Source/tasks.o
 .bss.uxPendedTicks
                0x0000000020000cf0        0x4 Middlewares/Third_Party/FreeRTOS/Source/tasks.o
 .bss.uxSchedulerSuspended
                0x0000000020000cf4        0x4 Middlewares/Third_Party/FreeRTOS/Source/tasks.o
 .bss.uxTaskNumber
                0x0000000020000cf8        0x4 Middlewares/Third_Party/FreeRTOS/Source/tasks.o
 .bss.uxTopReadyPriority
                0x0000000020000cfc        0x4 Middlewares/Third_Party/FreeRTOS/Source/tasks.o
 .bss.xDelayedTaskList1
                0x0000000020000d00       0x14 Middlewares/Third_Party/FreeRTOS/Source/tasks.o
 .bss.xDelayedTaskList2
                0x0000000020000d14       0x14 Middlewares/Third_Party/FreeRTOS/Source/tasks.o
 .bss.xNextTaskUnblockTime
                0x0000000020000d28        0x4 Middlewares/Third_Party/FreeRTOS/Source/tasks.o
 .bss.xNumOfOverflows
                0x0000000020000d2c        0x4 Middlewares/Third_Party/FreeRTOS/Source/tasks.o
 .bss.xPendingReadyList
                0x0000000020000d30       0x14 Middlewares/Third_Party/FreeRTOS/Source/tasks.o
 .bss.xSchedulerRunning
                0x0000000020000d44        0x4 Middlewares/Third_Party/FreeRTOS/Source/tasks.o
 .bss.xSuspendedTaskList
                0x0000000020000d48       0x14 Middlewares/Third_Party/FreeRTOS/Source/tasks.o
 .bss.xTasksWaitingTermination
                0x0000000020000d5c       0x14 Middlewares/Third_Party/FreeRTOS/Source/tasks.o
 .bss.xTickCount
                0x0000000020000d70        0x4 Middlewares/Third_Party/FreeRTOS/Source/tasks.o
 .bss.xYieldPending
                0x0000000020000d74        0x4 Middlewares/Third_Party/FreeRTOS/Source/tasks.o
 .bss.ucMaxSysCallPriority
                0x0000000020000d78        0x1 Middlewares/Third_Party/FreeRTOS/Source/portable/GCC/ARM_CM4F/port.o
 *fill*         0x0000000020000d79        0x3 
 .bss.ulMaxPRIGROUPValue
                0x0000000020000d7c        0x4 Middlewares/Third_Party/FreeRTOS/Source/portable/GCC/ARM_CM4F/port.o
 .bss.pxEnd     0x0000000020000d80        0x4 Middlewares/Third_Party/FreeRTOS/Source/portable/MemMang/heap_4.o
 .bss.ucHeap    0x0000000020000d84     0x2710 Middlewares/Third_Party/FreeRTOS/Source/portable/MemMang/heap_4.o
 .bss.xBlockAllocatedBit
                0x0000000020003494        0x4 Middlewares/Third_Party/FreeRTOS/Source/portable/MemMang/heap_4.o
 .bss.xFreeBytesRemaining
                0x0000000020003498        0x4 Middlewares/Third_Party/FreeRTOS/Source/portable/MemMang/heap_4.o
 .bss.xMinimumEverFreeBytesRemaining
                0x000000002000349c        0x4 Middlewares/Third_Party/FreeRTOS/Source/portable/MemMang/heap_4.o
 .bss.xStart    0x00000000200034a0        0x8 Middlewares/Third_Party/FreeRTOS/Source/portable/MemMang/heap_4.o
 *(COMMON)
 COMMON         0x00000000200034a8      0x158 Core/Src/adc.o
                0x00000000200034a8                hadc2
                0x000000002000350c                hadc1
                0x0000000020003570                hdma_adc1
                0x00000000200035b8                hdma_adc2
 COMMON         0x0000000020003600       0x4c Core/Src/i2c.o
                0x0000000020003600                hi2c1
 COMMON         0x000000002000364c       0x4c Core/Src/stm32l4xx_hal_timebase_tim.o
                0x000000002000364c                htim16
 COMMON         0x0000000020003698       0x4c Core/Src/tim.o
                0x0000000020003698                htim1
 COMMON         0x00000000200036e4       0xc8 Core/Src/usart.o
                0x00000000200036e4                hdma_usart3_rx
                0x000000002000372c                huart3
 COMMON         0x00000000200037ac        0x4 Drivers/STM32L4xx_HAL_Driver/Src/stm32l4xx_hal.o
                0x00000000200037ac                uwTick
                0x00000000200037b0                . = ALIGN (0x4)
                0x00000000200037b0                _ebss = .
                0x00000000200037b0                __bss_end__ = _ebss

._user_heap_stack
                0x00000000200037b0      0x600 load address 0x0000000008007c98
                0x00000000200037b0                . = ALIGN (0x8)
                [!provide]                        PROVIDE (end = .)
                0x00000000200037b0                PROVIDE (_end = .)
                0x00000000200039b0                . = (. + _Min_Heap_Size)
 *fill*         0x00000000200037b0      0x200 
                0x0000000020003db0                . = (. + _Min_Stack_Size)
 *fill*         0x00000000200039b0      0x400 
                0x0000000020003db0                . = ALIGN (0x8)

/DISCARD/
 libc.a(*)
 libm.a(*)
 libgcc.a(*)

.ARM.attributes
                0x0000000000000000       0x30
 *(.ARM.attributes)
 .ARM.attributes
                0x0000000000000000       0x22 /opt/st/stm32cubeide_1.5.0/plugins/com.st.stm32cube.ide.mcu.externaltools.gnu-tools-for-stm32.7-2018-q2-update.linux64_1.5.0.202011040924/tools/bin/../lib/gcc/arm-none-eabi/7.3.1/thumb/v7e-m/fpv4-sp/hard/crti.o
 .ARM.attributes
                0x0000000000000022       0x34 /opt/st/stm32cubeide_1.5.0/plugins/com.st.stm32cube.ide.mcu.externaltools.gnu-tools-for-stm32.7-2018-q2-update.linux64_1.5.0.202011040924/tools/bin/../lib/gcc/arm-none-eabi/7.3.1/thumb/v7e-m/fpv4-sp/hard/crtbegin.o
 .ARM.attributes
                0x0000000000000056       0x39 Core/Src/BQ25895.o
 .ARM.attributes
                0x000000000000008f       0x39 Core/Src/Data_form_HB.o
 .ARM.attributes
                0x00000000000000c8       0x39 Core/Src/IMU_Gesture_Task.o
 .ARM.attributes
                0x0000000000000101       0x39 Core/Src/LED_Driver.o
 .ARM.attributes
                0x000000000000013a       0x39 Core/Src/LED_Driver_Task.o
 .ARM.attributes
                0x0000000000000173       0x39 Core/Src/Main_Control_Task.o
 .ARM.attributes
                0x00000000000001ac       0x39 Core/Src/User_Buttons_Task.o
 .ARM.attributes
                0x00000000000001e5       0x35 Core/Src/adc.o
 .ARM.attributes
                0x000000000000021a       0x35 Core/Src/dma.o
 .ARM.attributes
                0x000000000000024f       0x35 Core/Src/freertos.o
 .ARM.attributes
                0x0000000000000284       0x35 Core/Src/gpio.o
 .ARM.attributes
                0x00000000000002b9       0x35 Core/Src/i2c.o
 .ARM.attributes
                0x00000000000002ee       0x39 Core/Src/main.o
 .ARM.attributes
                0x0000000000000327       0x35 Core/Src/stm32l4xx_hal_msp.o
 .ARM.attributes
                0x000000000000035c       0x35 Core/Src/stm32l4xx_hal_timebase_tim.o
 .ARM.attributes
                0x0000000000000391       0x35 Core/Src/stm32l4xx_it.o
 .ARM.attributes
                0x00000000000003c6       0x35 Core/Src/system_stm32l4xx.o
 .ARM.attributes
                0x00000000000003fb       0x35 Core/Src/tim.o
 .ARM.attributes
                0x0000000000000430       0x35 Core/Src/usart.o
 .ARM.attributes
                0x0000000000000465       0x21 Core/Startup/startup_stm32l412c8tx.o
 .ARM.attributes
                0x0000000000000486       0x35 Drivers/STM32L4xx_HAL_Driver/Src/stm32l4xx_hal.o
 .ARM.attributes
                0x00000000000004bb       0x35 Drivers/STM32L4xx_HAL_Driver/Src/stm32l4xx_hal_adc.o
 .ARM.attributes
                0x00000000000004f0       0x35 Drivers/STM32L4xx_HAL_Driver/Src/stm32l4xx_hal_adc_ex.o
 .ARM.attributes
                0x0000000000000525       0x35 Drivers/STM32L4xx_HAL_Driver/Src/stm32l4xx_hal_cortex.o
 .ARM.attributes
                0x000000000000055a       0x35 Drivers/STM32L4xx_HAL_Driver/Src/stm32l4xx_hal_dma.o
 .ARM.attributes
                0x000000000000058f       0x35 Drivers/STM32L4xx_HAL_Driver/Src/stm32l4xx_hal_gpio.o
 .ARM.attributes
                0x00000000000005c4       0x35 Drivers/STM32L4xx_HAL_Driver/Src/stm32l4xx_hal_i2c.o
 .ARM.attributes
                0x00000000000005f9       0x35 Drivers/STM32L4xx_HAL_Driver/Src/stm32l4xx_hal_i2c_ex.o
 .ARM.attributes
                0x000000000000062e       0x35 Drivers/STM32L4xx_HAL_Driver/Src/stm32l4xx_hal_pwr_ex.o
 .ARM.attributes
                0x0000000000000663       0x35 Drivers/STM32L4xx_HAL_Driver/Src/stm32l4xx_hal_rcc.o
 .ARM.attributes
                0x0000000000000698       0x35 Drivers/STM32L4xx_HAL_Driver/Src/stm32l4xx_hal_rcc_ex.o
 .ARM.attributes
                0x00000000000006cd       0x35 Drivers/STM32L4xx_HAL_Driver/Src/stm32l4xx_hal_tim.o
 .ARM.attributes
                0x0000000000000702       0x35 Drivers/STM32L4xx_HAL_Driver/Src/stm32l4xx_hal_tim_ex.o
 .ARM.attributes
                0x0000000000000737       0x35 Drivers/STM32L4xx_HAL_Driver/Src/stm32l4xx_hal_uart.o
 .ARM.attributes
                0x000000000000076c       0x35 Drivers/STM32L4xx_HAL_Driver/Src/stm32l4xx_hal_uart_ex.o
 .ARM.attributes
                0x00000000000007a1       0x35 Middlewares/Third_Party/FreeRTOS/Source/CMSIS_RTOS/cmsis_os.o
 .ARM.attributes
                0x00000000000007d6       0x35 Middlewares/Third_Party/FreeRTOS/Source/list.o
 .ARM.attributes
                0x000000000000080b       0x35 Middlewares/Third_Party/FreeRTOS/Source/queue.o
 .ARM.attributes
                0x0000000000000840       0x35 Middlewares/Third_Party/FreeRTOS/Source/tasks.o
 .ARM.attributes
                0x0000000000000875       0x35 Middlewares/Third_Party/FreeRTOS/Source/portable/GCC/ARM_CM4F/port.o
 .ARM.attributes
                0x00000000000008aa       0x35 Middlewares/Third_Party/FreeRTOS/Source/portable/MemMang/heap_4.o
 .ARM.attributes
                0x00000000000008df       0x34 /opt/st/stm32cubeide_1.5.0/plugins/com.st.stm32cube.ide.mcu.externaltools.gnu-tools-for-stm32.7-2018-q2-update.linux64_1.5.0.202011040924/tools/bin/../lib/gcc/arm-none-eabi/7.3.1/../../../../arm-none-eabi/lib/thumb/v7e-m/fpv4-sp/hard/libc_nano.a(lib_a-init.o)
 .ARM.attributes
                0x0000000000000913       0x34 /opt/st/stm32cubeide_1.5.0/plugins/com.st.stm32cube.ide.mcu.externaltools.gnu-tools-for-stm32.7-2018-q2-update.linux64_1.5.0.202011040924/tools/bin/../lib/gcc/arm-none-eabi/7.3.1/../../../../arm-none-eabi/lib/thumb/v7e-m/fpv4-sp/hard/libc_nano.a(lib_a-memcpy-stub.o)
 .ARM.attributes
                0x0000000000000947       0x34 /opt/st/stm32cubeide_1.5.0/plugins/com.st.stm32cube.ide.mcu.externaltools.gnu-tools-for-stm32.7-2018-q2-update.linux64_1.5.0.202011040924/tools/bin/../lib/gcc/arm-none-eabi/7.3.1/../../../../arm-none-eabi/lib/thumb/v7e-m/fpv4-sp/hard/libc_nano.a(lib_a-memset.o)
 .ARM.attributes
                0x000000000000097b       0x22 /opt/st/stm32cubeide_1.5.0/plugins/com.st.stm32cube.ide.mcu.externaltools.gnu-tools-for-stm32.7-2018-q2-update.linux64_1.5.0.202011040924/tools/bin/../lib/gcc/arm-none-eabi/7.3.1/thumb/v7e-m/fpv4-sp/hard/libgcc.a(_arm_addsubdf3.o)
 .ARM.attributes
                0x000000000000099d       0x22 /opt/st/stm32cubeide_1.5.0/plugins/com.st.stm32cube.ide.mcu.externaltools.gnu-tools-for-stm32.7-2018-q2-update.linux64_1.5.0.202011040924/tools/bin/../lib/gcc/arm-none-eabi/7.3.1/thumb/v7e-m/fpv4-sp/hard/libgcc.a(_arm_muldivdf3.o)
 .ARM.attributes
                0x00000000000009bf       0x22 /opt/st/stm32cubeide_1.5.0/plugins/com.st.stm32cube.ide.mcu.externaltools.gnu-tools-for-stm32.7-2018-q2-update.linux64_1.5.0.202011040924/tools/bin/../lib/gcc/arm-none-eabi/7.3.1/thumb/v7e-m/fpv4-sp/hard/libgcc.a(_arm_fixunsdfsi.o)
 .ARM.attributes
                0x00000000000009e1       0x22 /opt/st/stm32cubeide_1.5.0/plugins/com.st.stm32cube.ide.mcu.externaltools.gnu-tools-for-stm32.7-2018-q2-update.linux64_1.5.0.202011040924/tools/bin/../lib/gcc/arm-none-eabi/7.3.1/thumb/v7e-m/fpv4-sp/hard/libgcc.a(_aeabi_uldivmod.o)
 .ARM.attributes
                0x0000000000000a03       0x34 /opt/st/stm32cubeide_1.5.0/plugins/com.st.stm32cube.ide.mcu.externaltools.gnu-tools-for-stm32.7-2018-q2-update.linux64_1.5.0.202011040924/tools/bin/../lib/gcc/arm-none-eabi/7.3.1/thumb/v7e-m/fpv4-sp/hard/libgcc.a(_udivmoddi4.o)
 .ARM.attributes
                0x0000000000000a37       0x22 /opt/st/stm32cubeide_1.5.0/plugins/com.st.stm32cube.ide.mcu.externaltools.gnu-tools-for-stm32.7-2018-q2-update.linux64_1.5.0.202011040924/tools/bin/../lib/gcc/arm-none-eabi/7.3.1/thumb/v7e-m/fpv4-sp/hard/libgcc.a(_dvmd_tls.o)
 .ARM.attributes
                0x0000000000000a59       0x22 /opt/st/stm32cubeide_1.5.0/plugins/com.st.stm32cube.ide.mcu.externaltools.gnu-tools-for-stm32.7-2018-q2-update.linux64_1.5.0.202011040924/tools/bin/../lib/gcc/arm-none-eabi/7.3.1/thumb/v7e-m/fpv4-sp/hard/crtn.o
OUTPUT(MAINBOARD_MARK8.0.elf elf32-littlearm)

.comment        0x0000000000000000       0x7b
 .comment       0x0000000000000000       0x7b Core/Src/BQ25895.o
                                         0x7c (size before relaxing)
 .comment       0x000000000000007b       0x7c Core/Src/Data_form_HB.o
 .comment       0x000000000000007b       0x7c Core/Src/IMU_Gesture_Task.o
 .comment       0x000000000000007b       0x7c Core/Src/LED_Driver.o
 .comment       0x000000000000007b       0x7c Core/Src/LED_Driver_Task.o
 .comment       0x000000000000007b       0x7c Core/Src/Main_Control_Task.o
 .comment       0x000000000000007b       0x7c Core/Src/User_Buttons_Task.o
 .comment       0x000000000000007b       0x7c Core/Src/adc.o
 .comment       0x000000000000007b       0x7c Core/Src/dma.o
 .comment       0x000000000000007b       0x7c Core/Src/freertos.o
 .comment       0x000000000000007b       0x7c Core/Src/gpio.o
 .comment       0x000000000000007b       0x7c Core/Src/i2c.o
 .comment       0x000000000000007b       0x7c Core/Src/main.o
 .comment       0x000000000000007b       0x7c Core/Src/stm32l4xx_hal_msp.o
 .comment       0x000000000000007b       0x7c Core/Src/stm32l4xx_hal_timebase_tim.o
 .comment       0x000000000000007b       0x7c Core/Src/stm32l4xx_it.o
 .comment       0x000000000000007b       0x7c Core/Src/system_stm32l4xx.o
 .comment       0x000000000000007b       0x7c Core/Src/tim.o
 .comment       0x000000000000007b       0x7c Core/Src/usart.o
 .comment       0x000000000000007b       0x7c Drivers/STM32L4xx_HAL_Driver/Src/stm32l4xx_hal.o
 .comment       0x000000000000007b       0x7c Drivers/STM32L4xx_HAL_Driver/Src/stm32l4xx_hal_adc.o
 .comment       0x000000000000007b       0x7c Drivers/STM32L4xx_HAL_Driver/Src/stm32l4xx_hal_adc_ex.o
 .comment       0x000000000000007b       0x7c Drivers/STM32L4xx_HAL_Driver/Src/stm32l4xx_hal_cortex.o
 .comment       0x000000000000007b       0x7c Drivers/STM32L4xx_HAL_Driver/Src/stm32l4xx_hal_dma.o
 .comment       0x000000000000007b       0x7c Drivers/STM32L4xx_HAL_Driver/Src/stm32l4xx_hal_gpio.o
 .comment       0x000000000000007b       0x7c Drivers/STM32L4xx_HAL_Driver/Src/stm32l4xx_hal_i2c.o
 .comment       0x000000000000007b       0x7c Drivers/STM32L4xx_HAL_Driver/Src/stm32l4xx_hal_i2c_ex.o
 .comment       0x000000000000007b       0x7c Drivers/STM32L4xx_HAL_Driver/Src/stm32l4xx_hal_pwr_ex.o
 .comment       0x000000000000007b       0x7c Drivers/STM32L4xx_HAL_Driver/Src/stm32l4xx_hal_rcc.o
 .comment       0x000000000000007b       0x7c Drivers/STM32L4xx_HAL_Driver/Src/stm32l4xx_hal_rcc_ex.o
 .comment       0x000000000000007b       0x7c Drivers/STM32L4xx_HAL_Driver/Src/stm32l4xx_hal_tim.o
 .comment       0x000000000000007b       0x7c Drivers/STM32L4xx_HAL_Driver/Src/stm32l4xx_hal_tim_ex.o
 .comment       0x000000000000007b       0x7c Drivers/STM32L4xx_HAL_Driver/Src/stm32l4xx_hal_uart.o
 .comment       0x000000000000007b       0x7c Drivers/STM32L4xx_HAL_Driver/Src/stm32l4xx_hal_uart_ex.o
 .comment       0x000000000000007b       0x7c Middlewares/Third_Party/FreeRTOS/Source/CMSIS_RTOS/cmsis_os.o
 .comment       0x000000000000007b       0x7c Middlewares/Third_Party/FreeRTOS/Source/list.o
 .comment       0x000000000000007b       0x7c Middlewares/Third_Party/FreeRTOS/Source/queue.o
 .comment       0x000000000000007b       0x7c Middlewares/Third_Party/FreeRTOS/Source/tasks.o
 .comment       0x000000000000007b       0x7c Middlewares/Third_Party/FreeRTOS/Source/portable/GCC/ARM_CM4F/port.o
 .comment       0x000000000000007b       0x7c Middlewares/Third_Party/FreeRTOS/Source/portable/MemMang/heap_4.o

.debug_frame    0x0000000000000000      0x1f4
 .debug_frame   0x0000000000000000       0x2c /opt/st/stm32cubeide_1.5.0/plugins/com.st.stm32cube.ide.mcu.externaltools.gnu-tools-for-stm32.7-2018-q2-update.linux64_1.5.0.202011040924/tools/bin/../lib/gcc/arm-none-eabi/7.3.1/../../../../arm-none-eabi/lib/thumb/v7e-m/fpv4-sp/hard/libc_nano.a(lib_a-init.o)
 .debug_frame   0x000000000000002c       0x28 /opt/st/stm32cubeide_1.5.0/plugins/com.st.stm32cube.ide.mcu.externaltools.gnu-tools-for-stm32.7-2018-q2-update.linux64_1.5.0.202011040924/tools/bin/../lib/gcc/arm-none-eabi/7.3.1/../../../../arm-none-eabi/lib/thumb/v7e-m/fpv4-sp/hard/libc_nano.a(lib_a-memcpy-stub.o)
 .debug_frame   0x0000000000000054       0x20 /opt/st/stm32cubeide_1.5.0/plugins/com.st.stm32cube.ide.mcu.externaltools.gnu-tools-for-stm32.7-2018-q2-update.linux64_1.5.0.202011040924/tools/bin/../lib/gcc/arm-none-eabi/7.3.1/../../../../arm-none-eabi/lib/thumb/v7e-m/fpv4-sp/hard/libc_nano.a(lib_a-memset.o)
 .debug_frame   0x0000000000000074       0xac /opt/st/stm32cubeide_1.5.0/plugins/com.st.stm32cube.ide.mcu.externaltools.gnu-tools-for-stm32.7-2018-q2-update.linux64_1.5.0.202011040924/tools/bin/../lib/gcc/arm-none-eabi/7.3.1/thumb/v7e-m/fpv4-sp/hard/libgcc.a(_arm_addsubdf3.o)
 .debug_frame   0x0000000000000120       0x50 /opt/st/stm32cubeide_1.5.0/plugins/com.st.stm32cube.ide.mcu.externaltools.gnu-tools-for-stm32.7-2018-q2-update.linux64_1.5.0.202011040924/tools/bin/../lib/gcc/arm-none-eabi/7.3.1/thumb/v7e-m/fpv4-sp/hard/libgcc.a(_arm_muldivdf3.o)
 .debug_frame   0x0000000000000170       0x24 /opt/st/stm32cubeide_1.5.0/plugins/com.st.stm32cube.ide.mcu.externaltools.gnu-tools-for-stm32.7-2018-q2-update.linux64_1.5.0.202011040924/tools/bin/../lib/gcc/arm-none-eabi/7.3.1/thumb/v7e-m/fpv4-sp/hard/libgcc.a(_arm_fixunsdfsi.o)
 .debug_frame   0x0000000000000194       0x2c /opt/st/stm32cubeide_1.5.0/plugins/com.st.stm32cube.ide.mcu.externaltools.gnu-tools-for-stm32.7-2018-q2-update.linux64_1.5.0.202011040924/tools/bin/../lib/gcc/arm-none-eabi/7.3.1/thumb/v7e-m/fpv4-sp/hard/libgcc.a(_aeabi_uldivmod.o)
 .debug_frame   0x00000000000001c0       0x34 /opt/st/stm32cubeide_1.5.0/plugins/com.st.stm32cube.ide.mcu.externaltools.gnu-tools-for-stm32.7-2018-q2-update.linux64_1.5.0.202011040924/tools/bin/../lib/gcc/arm-none-eabi/7.3.1/thumb/v7e-m/fpv4-sp/hard/libgcc.a(_udivmoddi4.o)
